Script started on Tue 11 Nov 2014 11:31:51 PM PST
~
htsai010@well $ cd c[K[K[K[Kls
[0m[01;32massignments-backup95JcLu[0m*  [01;32massignments-backupJNejxh[0m*  [01;34mcs061[0m/  [01;34mcs100[0m/  [01;34mDesktop[0m/  [01;34mDownloads[0m/  [01;34mtest[0m/  [01;32mtmplHVQEp[0m*
[m~
htsai010@well $ cd cs100/rshell/
~/cs100/rshell
htsai010@well $ ls
[0m[01;34mbin[0m/  [0mLICENSE[0m  [0mMakefile[0m  [0mMakefile~[0m  [0mREADME[0m  [0mREADME~[0m  [0mrshell.script[0m  [01;34msrc[0m/  [0mtesting_ls[0m
[m~/cs100/rshell
htsai010@well $ make
g++ -Wall -Werror -ansi -pedantic src/main.cpp -o bin/rshell
g++ -Wall -Werror -ansi -pedantic src/ls.cpp -o bin/ls
g++ -Wall -Werror -ansi -pedantic src/Timer.h
g++ -Wall -Werror -ansi -pedantic src/cp.cpp -o bin/cp
~/cs100/rshell
htsai010@well $ make[K[K[K[Kbin [K/ls
LICENSE Makefile README rshell.script src bin testing_ls Makefile~ README~ 
~/cs100/rshell
htsai010@well $ bin/ls .
LICENSE Makefile README rshell.script src bin testing_ls Makefile~ README~ 
~/cs100/rshell
htsai010@well $ bin/ls .[K-a
. .. .git LICENSE Makefile README rshell.script src bin testing_ls Makefile~ README~ 
~/cs100/rshell
htsai010@well $ bin/ls -a .
. .. .git LICENSE Makefile README rshell.script src bin testing_ls Makefile~ README~ 
~/cs100/rshell
htsai010@well $ bin/ls -a .[K[K[Kl .
drwx------ 5 htsai010 csmajs 4096 Nov 11 23:31 LICENSE 
drwx------ 5 htsai010 csmajs 4096 Nov 11 23:31 Makefile 
drwx------ 5 htsai010 csmajs 4096 Nov 11 23:31 README 
drwx------ 5 htsai010 csmajs 4096 Nov 11 23:31 rshell.script 
drwx------ 5 htsai010 csmajs 4096 Nov 11 23:31 src 
drwx------ 5 htsai010 csmajs 4096 Nov 11 23:31 bin 
drwx------ 5 htsai010 csmajs 4096 Nov 11 23:31 testing_ls 
drwx------ 5 htsai010 csmajs 4096 Nov 11 23:31 Makefile~ 
drwx------ 5 htsai010 csmajs 4096 Nov 11 23:31 README~ 

~/cs100/rshell
htsai010@well $ bin/ls -l .[K
drwx------ 5 htsai010 csmajs 4096 Nov 11 23:31 LICENSE 
drwx------ 5 htsai010 csmajs 4096 Nov 11 23:31 Makefile 
drwx------ 5 htsai010 csmajs 4096 Nov 11 23:31 README 
drwx------ 5 htsai010 csmajs 4096 Nov 11 23:31 rshell.script 
drwx------ 5 htsai010 csmajs 4096 Nov 11 23:31 src 
drwx------ 5 htsai010 csmajs 4096 Nov 11 23:31 bin 
drwx------ 5 htsai010 csmajs 4096 Nov 11 23:31 testing_ls 
drwx------ 5 htsai010 csmajs 4096 Nov 11 23:31 Makefile~ 
drwx------ 5 htsai010 csmajs 4096 Nov 11 23:31 README~ 

~/cs100/rshell
htsai010@well $ bin/ls -l [K[KR
LICENSE Makefile README rshell.script src bin testing_ls Makefile~ README~ 
cp.cpp main.cpp Timer.h ls.cpp Timer.h.gch ls.cpp~ 
rshell ls cp 
~/cs100/rshell
htsai010@well $ bin/ls -R .
LICENSE Makefile README rshell.script src bin testing_ls Makefile~ README~ 
cp.cpp main.cpp Timer.h ls.cpp Timer.h.gch ls.cpp~ 
rshell ls cp 
~/cs100/rshell
htsai010@well $ bin/ls -R .[K[K[Kal
drwx------ 5 htsai010 csmajs 4096 Nov 11 23:31 . 
drwx------ 5 htsai010 csmajs 4096 Nov 11 23:31 .. 
drwx------ 5 htsai010 csmajs 4096 Nov 11 23:31 .git 
drwx------ 5 htsai010 csmajs 4096 Nov 11 23:31 LICENSE 
drwx------ 5 htsai010 csmajs 4096 Nov 11 23:31 Makefile 
drwx------ 5 htsai010 csmajs 4096 Nov 11 23:31 README 
drwx------ 5 htsai010 csmajs 4096 Nov 11 23:31 rshell.script 
drwx------ 5 htsai010 csmajs 4096 Nov 11 23:31 src 
drwx------ 5 htsai010 csmajs 4096 Nov 11 23:31 bin 
drwx------ 5 htsai010 csmajs 4096 Nov 11 23:31 testing_ls 
drwx------ 5 htsai010 csmajs 4096 Nov 11 23:31 Makefile~ 
drwx------ 5 htsai010 csmajs 4096 Nov 11 23:31 README~ 

~/cs100/rshell
htsai010@well $ bin/ls -al[K[Kla
drwx------ 5 htsai010 csmajs 4096 Nov 11 23:31 . 
drwx------ 5 htsai010 csmajs 4096 Nov 11 23:31 .. 
drwx------ 5 htsai010 csmajs 4096 Nov 11 23:31 .git 
drwx------ 5 htsai010 csmajs 4096 Nov 11 23:31 LICENSE 
drwx------ 5 htsai010 csmajs 4096 Nov 11 23:31 Makefile 
drwx------ 5 htsai010 csmajs 4096 Nov 11 23:31 README 
drwx------ 5 htsai010 csmajs 4096 Nov 11 23:31 rshell.script 
drwx------ 5 htsai010 csmajs 4096 Nov 11 23:31 src 
drwx------ 5 htsai010 csmajs 4096 Nov 11 23:31 bin 
drwx------ 5 htsai010 csmajs 4096 Nov 11 23:31 testing_ls 
drwx------ 5 htsai010 csmajs 4096 Nov 11 23:31 Makefile~ 
drwx------ 5 htsai010 csmajs 4096 Nov 11 23:31 README~ 

~/cs100/rshell
htsai010@well $ bin/ls -la[K[KaR
. .. .git LICENSE Makefile README rshell.script src bin testing_ls Makefile~ README~ 
opendir: No such file or directory
~/cs100/rshell
htsai010@well $ bin/ls -aR[K[KRa
. .. .git LICENSE Makefile README rshell.script src bin testing_ls Makefile~ README~ 
opendir: No such file or directory
~/cs100/rshell
htsai010@well $ bin/ls -Ra[K[KL[KlR
drwx------ 5 htsai010 csmajs 4096 Nov 11 23:31 LICENSE
drwx------ 5 htsai010 csmajs 4096 Nov 11 23:31 Makefile
drwx------ 5 htsai010 csmajs 4096 Nov 11 23:31 README
drwx------ 5 htsai010 csmajs 4096 Nov 11 23:31 rshell.script
drwx------ 5 htsai010 csmajs 4096 Nov 11 23:31 src
drwx------ 5 htsai010 csmajs 4096 Nov 11 23:31 bin
drwx------ 5 htsai010 csmajs 4096 Nov 11 23:31 testing_ls
drwx------ 5 htsai010 csmajs 4096 Nov 11 23:31 Makefile~
drwx------ 5 htsai010 csmajs 4096 Nov 11 23:31 README~

cp.cpp main.cpp Timer.h ls.cpp Timer.h.gch ls.cpp~ 
rshell ls cp 
~/cs100/rshell
htsai010@well $ bin/ls -lR[K[KRl
drwx------ 5 htsai010 csmajs 4096 Nov 11 23:31 LICENSE
drwx------ 5 htsai010 csmajs 4096 Nov 11 23:31 Makefile
drwx------ 5 htsai010 csmajs 4096 Nov 11 23:31 README
drwx------ 5 htsai010 csmajs 4096 Nov 11 23:31 rshell.script
drwx------ 5 htsai010 csmajs 4096 Nov 11 23:31 src
drwx------ 5 htsai010 csmajs 4096 Nov 11 23:31 bin
drwx------ 5 htsai010 csmajs 4096 Nov 11 23:31 testing_ls
drwx------ 5 htsai010 csmajs 4096 Nov 11 23:31 Makefile~
drwx------ 5 htsai010 csmajs 4096 Nov 11 23:31 README~

cp.cpp main.cpp Timer.h ls.cpp Timer.h.gch ls.cpp~ 
rshell ls cp 
~/cs100/rshell
htsai010@well $ bin/ls -Rl[K[KA[KalR
drwx------ 5 htsai010 csmajs 4096 Nov 11 23:31 .
drwx------ 5 htsai010 csmajs 4096 Nov 11 23:31 ..
drwx------ 5 htsai010 csmajs 4096 Nov 11 23:31 .git
drwx------ 5 htsai010 csmajs 4096 Nov 11 23:31 LICENSE
drwx------ 5 htsai010 csmajs 4096 Nov 11 23:31 Makefile
drwx------ 5 htsai010 csmajs 4096 Nov 11 23:31 README
drwx------ 5 htsai010 csmajs 4096 Nov 11 23:31 rshell.script
drwx------ 5 htsai010 csmajs 4096 Nov 11 23:31 src
drwx------ 5 htsai010 csmajs 4096 Nov 11 23:31 bin
drwx------ 5 htsai010 csmajs 4096 Nov 11 23:31 testing_ls
drwx------ 5 htsai010 csmajs 4096 Nov 11 23:31 Makefile~
drwx------ 5 htsai010 csmajs 4096 Nov 11 23:31 README~

LICENSE Makefile README rshell.script src bin testing_ls Makefile~ README~ 
cp.cpp main.cpp Timer.h ls.cpp Timer.h.gch ls.cpp~ 
rshell ls cp 
firstrepo ucr-cs100 rshell labs leon 
README main.cpp a.out 
GRADES.md LICENSE README.md assignments lecture people scripts tutorials gradetmp 
opendir: No such file or directory
~/cs100/rshell
htsai010@well $ bin/ls -alR[K[K[KRal
drwx------ 5 htsai010 csmajs 4096 Nov 11 23:31 .
drwx------ 5 htsai010 csmajs 4096 Nov 11 23:31 ..
drwx------ 5 htsai010 csmajs 4096 Nov 11 23:31 .git
drwx------ 5 htsai010 csmajs 4096 Nov 11 23:31 LICENSE
drwx------ 5 htsai010 csmajs 4096 Nov 11 23:31 Makefile
drwx------ 5 htsai010 csmajs 4096 Nov 11 23:31 README
drwx------ 5 htsai010 csmajs 4096 Nov 11 23:31 rshell.script
drwx------ 5 htsai010 csmajs 4096 Nov 11 23:31 src
drwx------ 5 htsai010 csmajs 4096 Nov 11 23:31 bin
drwx------ 5 htsai010 csmajs 4096 Nov 11 23:31 testing_ls
drwx------ 5 htsai010 csmajs 4096 Nov 11 23:31 Makefile~
drwx------ 5 htsai010 csmajs 4096 Nov 11 23:31 README~

LICENSE Makefile README rshell.script src bin testing_ls Makefile~ README~ 
cp.cpp main.cpp Timer.h ls.cpp Timer.h.gch ls.cpp~ 
rshell ls cp 
firstrepo ucr-cs100 rshell labs leon 
README main.cpp a.out 
GRADES.md LICENSE README.md assignments lecture people scripts tutorials gradetmp 
opendir: No such file or directory
~/cs100/rshell
htsai010@well $ exit[K[K[K[Kcp[K[Kbin/[K[K[K[Kls[K[Kkls[K[K[Kls
[0m[01;34mbin[0m/  [0mLICENSE[0m  [0mMakefile[0m  [0mMakefile~[0m  [0mREADME[0m  [0mREADME~[0m  [0mrshell.script[0m  [01;34msrc[0m/  [0mtesting_ls[0m
[m~/cs100/rshell
htsai010@well $ cd  b[K[Kbin/
~/cs100/rshell/bin
htsai010@well $ ls
[0m[01;32mcp[0m*  [01;32mls[0m*  [01;32mrshell[0m*
[m~/cs100/rshell/bin
htsai010@well $ touch test.txt[K[K[K[K[K[K[K[K[K[K[K[K[K[Ktouch tex[Kst.txt
~/cs100/rshell/bin
htsai010@well $ cat test.txt 
~/cs100/rshell/bin
htsai010@well $ echo "e[Khello there" > test.txt 
~/cs100/rshell/bin
htsai010@well $ cat test.txt 
hello there
~/cs100/rshell/bin
htsai010@well $ c[Kcd ..
~/cs100/rshell
htsai010@well $ bin/cp testing_ls [K[K[K[K[K[K[K[Kt.t[K[K[K[K[K[Ktest.txt te[K[K[K[Kt text.tex[Kt[K[Kxt
fdi: No such file or directory
~/cs100/rshell
htsai010@well $ cd bin/
~/cs100/rshell/bin
htsai010@well $ cp [K[K[K./cp text[K[Kst.txt tes[Kxt.txt
~/cs100/rshell/bin
htsai010@well $ ls
[0m[01;32mcp[0m*  [01;32mls[0m*  [01;32mrshell[0m*  [0mtest.txt[0m  [0mtext.txt[0m
[m~/cs100/rshell/bin
htsai010@well $ cat text.txt 
cat: text.txt: Permission denied
~/cs100/rshell/bin
htsai010@well $ chmod a+x text.txt 
~/cs100/rshell/bin
htsai010@well $ cat text.txt 
cat: text.txt: Permission denied
~/cs100/rshell/bin
htsai010@well $ cat text.txt [4hhmod a[4l+x[C[C[C[C[C[C[C[C[C[C[1P[4hr[4l
~/cs100/rshell/bin
htsai010@well $ chmod a+r text.txt [6Pat[C[C[C[C[C[C[C[C[C[C
hello there
~/cs100/rshell/bin
htsai010@well $ cd ..
~/cs100/rshell
htsai010@well $ ls
[0m[01;34mbin[0m/  [0mLICENSE[0m  [0mMakefile[0m  [0mMakefile~[0m  [0mREADME[0m  [0mREADME~[0m  [0mrshell.script[0m  [01;34msrc[0m/  [0mtesting_ls[0m
[m~/cs100/rshell
htsai010@well $ exit
exit

Script done on Tue 11 Nov 2014 11:37:09 PM PST
