Script started on Tue 21 Oct 2014 11:06:40 PM PDT
~
htsai010@hammer $ ls[K[Kpwd
/home/csmajs/htsai010
~
htsai010@hammer $ cd cs100/
~/cs100
htsai010@hammer $ cd rshell/
~/cs100/rshell
htsai010@hammer $ cd src/
~/cs100/rshell/src
htsai010@hammer $ ls
[0m[38;5;34ma.out[0m*  main.cpp  main.cpp~
[m~/cs100/rshell/src
htsai010@hammer $ g++[K[K[Kg++ main.cpp
~/cs100/rshell/src
htsai010@hammer $ ./a.out
htsai010@hammer.cs.ucr.edu $ 
htsai010@hammer.cs.ucr.edu $  
htsai010@hammer.cs.ucr.edu $   
htsai010@hammer.cs.ucr.edu $ ls
a.out  main.cpp  main.cpp~
htsai010@hammer.cs.ucr.edu $ ls -a
.  ..  a.out  main.cpp	main.cpp~
htsai010@hammer.cs.ucr.edu $ ls -A     pwd
/home/csmajs/htsai010/cs100/rshell/src
htsai010@hammer.cs.ucr.edu $  ls -a
.  ..  a.out  main.cpp	main.cpp~
htsai010@hammer.cs.ucr.edu $ echo hello
hello
htsai010@hammer.cs.ucr.edu $ echo "hello"
"hello"
htsai010@hammer.cs.ucr.edu $  s echo hello
hello
htsai010@hammer.cs.ucr.edu $ #hast    comment
execvp: No such file or directory
htsai010@hammer.cs.ucr.edu $ #  #comment
execvp: No such file or directory
htsai010@hammer.cs.ucr.edu $ echo hello#comment
hello#comment
htsai010@hammer.cs.ucr.edu $ ls -a || echo hello
ls: cannot access ||: No such file or directory
ls: cannot access echo: No such file or directory
ls: cannot access hello: No such file or directory
htsai010@hammer.cs.ucr.edu $ date
Tue Oct 21 23:09:10 PDT 2014
htsai010@hammer.cs.ucr.edu $ cal
    October 2014    
Su Mo Tu We Th Fr Sa
          1  2  3  4
 5  6  7  8  9 10 11
12 13 14 15 16 17 18
19 20 [7m21[m 22 23 24 25
26 27 28 29 30 31

htsai010@hammer.cs.ucr.edu $ uptime
 23:09:21 up 16 days,  2:44, 80 users,  load average: 2.83, 2.70, 2.58
htsai010@hammer.cs.ucr.edu $ w
 23:09:27 up 16 days,  2:44, 79 users,  load average: 2.84, 2.70, 2.58
USER     TTY      FROM              LOGIN@   IDLE   JCPU   PCPU WHAT
cmanj001 pts/0    -                19:00    4.00s  0.13s  0.13s bash --norc -i
bchen022 pts/1    kilo-25.cs.ucr.e 11:55    2:23   0.93s  0.40s script -q -c env PS1='\[\e[s%%%%%%%%%%\e[u\]\[\e[0;32m\]\u\[\e[0;36m\]@\[\e[0;32m\]cs100\[\e[0;36m\]:\[\e[0;32m\]
bchen022 pts/2    -                12:49    2:23   0.92s  0.72s /usr/bin/vim -w /usr/csshare/cs100/log/vim/vim-bchen022-2014-10-21-22-55-44.jC2GuWU76 main.cpp
htsai010 pts/3    166.170.50.135   21:45    1:18m  0.04s  0.01s script -q -c env PS1='\[\e[s%%%%%%%%%%\e[u\]\[\e[0;32m\]\u\[\e[0;36m\]@\[\e[0;32m\]cs100\[\e[0;36m\]:\[\e[0;32m\]
ahsu013  pts/4    -                22:33   13:43   0.69s  0.58s emacs .git/MERGE_MSG
kchan039 pts/5    kilo-33.cs.ucr.e 21:48   22:44   0.24s  0.12s script -q -c env PS1='\[\e[s%%%%%%%%%%\e[u\]\[\e[0;32m\]\u\[\e[0;36m\]@\[\e[0;32m\]cs100\[\e[0;36m\]:\[\e[0;32m\]
afan004  pts/6    -                23:03    2.00s  0.00s  0.00s ./a.out
asand017 pts/7    aarons-mbp.dyn.u 09:12   13:57   0.05s  0.02s script -q -c env PS1='\[\e[s%%%%%%%%%%\e[u\]\[\e[0;32m\]\u\[\e[0;36m\]@\[\e[0;32m\]cs100\[\e[0;36m\]:\[\e[0;32m\]
htsai010 pts/8    -                21:46    1:18m  0.02s  0.02s bash --norc -i
dpham008 pts/9    75-142-219-177.s 19:20   18.00s  0.76s  0.34s script -q -c env PS1='\[\e[s%%%%%%%%%%\e[u\]\[\e[0;32m\]\u\[\e[0;36m\]@\[\e[0;32m\]cs100\[\e[0;36m\]:\[\e[0;32m\]
kchan039 pts/10   kilo-33.cs.ucr.e 21:46   23:15   0.13s  0.06s script -q -c env PS1='\[\e[s%%%%%%%%%%\e[u\]\[\e[0;32m\]\u\[\e[0;36m\]@\[\e[0;32m\]cs100\[\e[0;36m\]:\[\e[0;32m\]
asand017 pts/11   aarons-mbp.dyn.u 18:47   43.00s  0.76s  0.35s script -q -c env PS1='\[\e[s%%%%%%%%%%\e[u\]\[\e[0;32m\]\u\[\e[0;36m\]@\[\e[0;32m\]cs100\[\e[0;36m\]:\[\e[0;32m\]
amacp001 pts/12   alpha-12.cs.ucr. 21:14    1.00s  0.46s  0.17s script -q -c env PS1='\[\e[s%%%%%%%%%%\e[u\]\[\e[0;32m\]\u\[\e[0;36m\]@\[\e[0;32m\]cs100\[\e[0;36m\]:\[\e[0;32m\]
jstod001 pts/13   cpe-76-174-129-1 21:55   46.00s  0.20s  0.09s script -q -c env PS1='\[\e[s%%%%%%%%%%\e[u\]\[\e[0;32m\]\u\[\e[0;36m\]@\[\e[0;32m\]cs100\[\e[0;36m\]:\[\e[0;32m\]
kchan039 pts/14   -                21:46   23:15   0.34s  0.34s bash --norc -i
cmanj001 pts/15   -                22:58   22.00s  0.01s  0.01s bin/rshell
bleon001 pts/16   96-40-172-16.dhc 21:21    1.00s  0.20s  0.10s script -q -c env PS1='\[\e[s%%%%%%%%%%\e[u\]\[\e[0;32m\]\u\[\e[0;36m\]@\[\e[0;32m\]cs100\[\e[0;36m\]:\[\e[0;32m\]
yli082   pts/17   76.89.198.31     22:20    9.00s  0.42s  0.19s script -q -c env PS1='\[\e[s%%%%%%%%%%\e[u\]\[\e[0;32m\]\u\[\e[0;36m\]@\[\e[0;32m\]cs100\[\e[0;36m\]:\[\e[0;32m\]
atost001 pts/18   -                22:55   18.00s  0.29s  0.16s /usr/bin/vim -w /usr/csshare/cs100/log/vim/vim-atost001-2014-10-21-23-07-41.L5FLoBI3d exec.cpp
amacp001 pts/19   -                21:24    1.00s  0.76s  0.00s script exec.script
jreye028 pts/20   71-95-45-232.dhc 19:16   10.00s  0.30s  0.14s script -q -c env PS1='\[\e[s%%%%%%%%%%\e[u\]\[\e[0;32m\]\u\[\e[0;36m\]@\[\e[0;32m\]cs100\[\e[0;36m\]:\[\e[0;32m\]
pstar001 pts/21   kilo-27.cs.ucr.e 18:36    7:09   0.45s  0.19s script -q -c env PS1='\[\e[s%%%%%%%%%%\e[u\]\[\e[0;32m\]\u\[\e[0;36m\]@\[\e[0;32m\]cs100\[\e[0;36m\]:\[\e[0;32m\]
pstar001 pts/22   kilo-27.cs.ucr.e 18:37   14:43   0.26s  0.10s script -q -c env PS1='\[\e[s%%%%%%%%%%\e[u\]\[\e[0;32m\]\u\[\e[0;36m\]@\[\e[0;32m\]cs100\[\e[0;36m\]:\[\e[0;32m\]
cmanj001 pts/23   kilo-22.cs.ucr.e 18:44    4.00s  0.57s  0.26s script -q -c env PS1='\[\e[s%%%%%%%%%%\e[u\]\[\e[0;32m\]\u\[\e[0;36m\]@\[\e[0;32m\]cs100\[\e[0;36m\]:\[\e[0;32m\]
cmanj001 pts/24   kilo-22.cs.ucr.e 18:44   22.00s  0.44s  0.20s script -q -c env PS1='\[\e[s%%%%%%%%%%\e[u\]\[\e[0;32m\]\u\[\e[0;36m\]@\[\e[0;32m\]cs100\[\e[0;36m\]:\[\e[0;32m\]
ogonz007 pts/25   bohr1202.ucr.edu 16:08    5.00s  1.17s  0.52s script -q -c env PS1='\[\e[s%%%%%%%%%%\e[u\]\[\e[0;32m\]\u\[\e[0;36m\]@\[\e[0;32m\]cs100\[\e[0;36m\]:\[\e[0;32m\]
atost001 pts/26   well.cs.ucr.edu  22:55   18.00s  0.09s  0.04s script -q -c env PS1='\[\e[s%%%%%%%%%%\e[u\]\[\e[0;32m\]\u\[\e[0;36m\]@\[\e[0;32m\]cs100\[\e[0;36m\]:\[\e[0;32m\]
dpham008 pts/27   -                21:14   18.00s  0.60s  0.18s script exec.script
asand017 pts/28   -                18:48   43.00s  0.46s  0.00s script exec.script
asand017 pts/29   -                22:34   13:57   0.06s  0.06s bash --norc -i
jreye028 pts/30   -                22:34   10.00s  0.32s  0.16s script exec
vdoan002 pts/31   tango-2.cs.ucr.e 20:07   11:37   0.80s  0.38s script -q -c env PS1='\[\e[s%%%%%%%%%%\e[u\]\[\e[0;32m\]\u\[\e[0;36m\]@\[\e[0;32m\]cs100\[\e[0;36m\]:\[\e[0;32m\]
bleon001 pts/32   -                21:21    1.00s  0.36s  0.13s /usr/bin/vim -w /usr/csshare/cs100/log/vim/vim-bleon001-2014-10-21-22-57-17.jK5vO6TEP Makefile
pstar001 pts/33   -                20:52   14:43   0.22s  0.00s a.out
bchen022 pts/34   kilo-25.cs.ucr.e 11:55    0.00s  0.51s  0.22s script -q -c env PS1='\[\e[s%%%%%%%%%%\e[u\]\[\e[0;32m\]\u\[\e[0;36m\]@\[\e[0;32m\]cs100\[\e[0;36m\]:\[\e[0;32m\]
bchen022 pts/35   -                11:55    0.00s  0.53s  0.35s /usr/bin/vim -w /usr/csshare/cs100/log/vim/vim-bchen022-2014-10-21-22-58-43.5wago0twD README.md
gruiz007 pts/36   108-218-182-216. 19:42    0.00s  0.34s  0.15s script -q -c env PS1='\[\e[s%%%%%%%%%%\e[u\]\[\e[0;32m\]\u\[\e[0;36m\]@\[\e[0;32m\]cs100\[\e[0;36m\]:\[\e[0;32m\]
kchan039 pts/37   -                21:48   22:44   7.55s  7.46s /usr/bin/vim -w /usr/csshare/cs100/log/vim/vim-kchan039-2014-10-21-22-10-22.AdxP48WHP src/main.cpp
nlapr001 pts/38   97-90-194-53.dhc 18:54    0.00s  2.04s  0.79s script -q -c env PS1='\[\e[s%%%%%%%%%%\e[u\]\[\e[0;32m\]\u\[\e[0;36m\]@\[\e[0;32m\]cs100\[\e[0;36m\]:\[\e[0;32m\]
gruiz007 pts/39   -                19:42    0.00s  0.86s  0.86s bash --norc -i
achao008 pts/40   97-90-202-214.dh 18:54   20.00s  1.44s  0.69s script -q -c env PS1='\[\e[s%%%%%%%%%%\e[u\]\[\e[0;32m\]\u\[\e[0;36m\]@\[\e[0;32m\]cs100\[\e[0;36m\]:\[\e[0;32m\]
vdoan002 pts/41   tango-2.cs.ucr.e 20:08   57.00s  0.15s  0.07s script -q -c env PS1='\[\e[s%%%%%%%%%%\e[u\]\[\e[0;32m\]\u\[\e[0;36m\]@\[\e[0;32m\]cs100\[\e[0;36m\]:\[\e[0;32m\]
nlapr001 pts/42   -                18:55    0.00s  1.87s  0.18s script -q -c env PS1='\[\e[s%%%%%%%%%%\e[u\]\[\e[0;32m\]\u\[\e[0;36m\]@\[\e[0;32m\]cs100\[\e[0;36m\]:\[\e[0;32m\]
dpham008 pts/43   -                22:07   18.00s  0.37s  0.18s script -q -c env PS1='\[\e[s%%%%%%%%%%\e[u\]\[\e[0;32m\]\u\[\e[0;36m\]@\[\e[0;32m\]cs100\[\e[0;36m\]:\[\e[0;32m\]
gruiz007 pts/44   108-218-182-216. 20:22    6:26   0.41s  0.20s script -q -c env PS1='\[\e[s%%%%%%%%%%\e[u\]\[\e[0;32m\]\u\[\e[0;36m\]@\[\e[0;32m\]cs100\[\e[0;36m\]:\[\e[0;32m\]
ogonz007 pts/45   -                16:08    5.00s 24.30s  0.00s git push
gruiz007 pts/46   -                20:22    6:26   0.24s  0.22s /usr/bin/vim -w /usr/csshare/cs100/log/vim/vim-gruiz007-2014-10-21-22-56-15.axyaKt5kR README
achao008 pts/47   -                18:55   20.00s  1.16s  0.71s /usr/bin/vim -w /usr/csshare/cs100/log/vim/vim-achao008-2014-10-21-22-59-58.dbwTSIi3w src/main.cpp
ahsu013  pts/48   71-9-120-133.sta 20:02   15:55   0.58s  0.28s script -q -c env PS1='\[\e[s%%%%%%%%%%\e[u\]\[\e[0;32m\]\u\[\e[0;36m\]@\[\e[0;32m\]cs100\[\e[0;36m\]:\[\e[0;32m\]
yli082   pts/49   -                23:00    9.00s  0.01s  0.00s bin/rshell
gliu016  pts/51   63.138.45.36     23:03    7.00s  0.02s  0.01s script -q -c env PS1='\[\e[s%%%%%%%%%%\e[u\]\[\e[0;32m\]\u\[\e[0;36m\]@\[\e[0;32m\]cs100\[\e[0;36m\]:\[\e[0;32m\]
ahsu013  pts/52   -                20:02   15:55   0.03s  0.03s bash --norc -i
cmanj001 pts/53   -                18:57   22.00s  0.67s  0.02s script exec.script
afan004  pts/54   ucrwpa3-2-213-10 22:59    2.00s  0.03s  0.00s script rshell.script
gliu016  pts/55   -                23:04    7.00s  0.04s  0.00s bin/rshell
asand017 pts/56   -                23:04   43.00s  0.01s  0.01s script -q -c env PS1='\[\e[s%%%%%%%%%%\e[u\]\[\e[0;32m\]\u\[\e[0;36m\]@\[\e[0;32m\]cs100\[\e[0;36m\]:\[\e[0;32m\]
jstod001 pts/57   -                21:55   46.00s  0.38s  0.38s bash --norc -i
yli082   pts/58   -                22:20    9.00s  0.22s  0.03s script exec.script
kchan039 pts/59   eduroam2-1-207-1 19:32   24.00s  0.03s  0.01s script -q -c env PS1='\[\e[s%%%%%%%%%%\e[u\]\[\e[0;32m\]\u\[\e[0;36m\]@\[\e[0;32m\]cs100\[\e[0;36m\]:\[\e[0;32m\]
kchan039 pts/60   -                19:32   24.00s  0.09s  0.09s bash --norc -i
pstar001 pts/61   -                20:09    7:09   0.20s  0.20s bash --norc -i
vdoan002 pts/62   -                20:07   11:37   0.42s  0.34s /usr/bin/vim -w /usr/csshare/cs100/log/vim/vim-vdoan002-2014-10-21-22-55-08.dR4w137x6 rshell.cpp
ahsu013  pts/63   71-9-120-133.sta 20:05   43.00s  0.10s  0.04s script -q -c env PS1='\[\e[s%%%%%%%%%%\e[u\]\[\e[0;32m\]\u\[\e[0;36m\]@\[\e[0;32m\]cs100\[\e[0;36m\]:\[\e[0;32m\]
vdoan002 pts/64   -                21:27   57.00s  0.40s  0.40s bash --norc -i
hray001  pts/65   r7000.dyn.ucr.ed 22:21    2:15   0.25s  0.11s script exec
htsai010 pts/66   ucrwpa3-2-213-19 22:06    0.00s  0.28s  0.14s script -q -c env PS1='\[\e[s%%%%%%%%%%\e[u\]\[\e[0;32m\]\u\[\e[0;36m\]@\[\e[0;32m\]cs100\[\e[0;36m\]:\[\e[0;32m\]
htsai010 pts/67   -                22:06    0.00s  0.24s  0.00s script rshell.script
nlapr001 pts/68   -                22:21    0.00s  0.38s  0.07s /usr/bin/vim -w /usr/csshare/cs100/log/vim/vim-nlapr001-2014-10-21-23-08-43.xdjOJSAqC README
hray001  pts/69   -                22:21    2:15   0.12s  0.03s vim Makefile
dpham008 pts/70   -                22:11   18.00s  0.42s  0.35s /usr/bin/vim -w /usr/csshare/cs100/log/vim/vim-dpham008-2014-10-21-22-54-53.nOeHeLcjB README
asand017 pts/71   -                23:04   43.00s  0.00s  0.00s rshell
jreye028 pts/72   -                22:35   10.00s  0.22s  0.11s script -q -c env PS1='\[\e[s%%%%%%%%%%\e[u\]\[\e[0;32m\]\u\[\e[0;36m\]@\[\e[0;32m\]cs100\[\e[0;36m\]:\[\e[0;32m\]
jreye028 pts/73   -                22:41   10.00s  0.18s  0.18s bash --norc -i
htsai010 pts/74   -                23:06    0.00s  0.02s  0.00s ./a.out
hchu007  pts/75   ucrwpa3-2-215-24 23:08   48.00s  0.00s  0.00s script -q -c env PS1='\[\e[s%%%%%%%%%%\e[u\]\[\e[0;32m\]\u\[\e[0;36m\]@\[\e[0;32m\]cs100\[\e[0;36m\]:\[\e[0;32m\]
jmoon018 pts/76   jamal-p15sm.dyn. 23:09   24.00s  0.01s  0.00s script -q -c env PS1='\[\e[s%%%%%%%%%%\e[u\]\[\e[0;32m\]\u\[\e[0;36m\]@\[\e[0;32m\]cs100\[\e[0;36m\]:\[\e[0;32m\]
hchu007  pts/77   -                23:08   48.00s  0.00s  0.00s bash --norc -i
jmoon018 pts/78   -                23:09   24.00s  0.00s  0.00s bash --norc -i
amacp001 pts/79   -                23:09    1.00s  0.00s  0.00s script exec.script
htsai010@hammer.cs.ucr.edu $ whoami
htsai010
htsai010@hammer.cs.ucr.edu $ finger user
execvp: No such file or directory
htsai010@hammer.cs.ucr.edu $ uname -a
Linux hammer.cs.ucr.edu 2.6.32-431.29.2.el6.x86_64 #1 SMP Tue Sep 9 21:36:05 UTC 2014 x86_64 x86_64 x86_64 GNU/Linux
htsai010@hammer.cs.ucr.edu $ cat /prov c/cpu/ info
processor	: 0
vendor_id	: AuthenticAMD
cpu family	: 16
model		: 9
model name	: AMD Opteron(tm) Processor 6168
stepping	: 1
cpu MHz		: 1900.000
cache size	: 512 KB
physical id	: 0
siblings	: 12
core id		: 0
cpu cores	: 12
apicid		: 16
initial apicid	: 0
fpu		: yes
fpu_exception	: yes
cpuid level	: 5
wp		: yes
flags		: fpu vme de pse tsc msr pae mce cx8 apic sep mtrr pge mca cmov pat pse36 clflush mmx fxsr sse sse2 ht syscall nx mmxext fxsr_opt pdpe1gb rdtscp lm 3dnowext 3dnow constant_tsc rep_good nonstop_tsc extd_apicid amd_dcm pni monitor cx16 popcnt lahf_lm cmp_legacy svm extapic cr8_legacy abm sse4a misalignsse 3dnowprefetch osvw ibs skinit wdt nodeid_msr npt lbrv svm_lock nrip_save pausefilter
bogomips	: 3800.16
TLB size	: 1024 4K pages
clflush size	: 64
cache_alignment	: 64
address sizes	: 48 bits physical, 48 bits virtual
power management: ts ttp tm stc 100mhzsteps hwpstate

processor	: 1
vendor_id	: AuthenticAMD
cpu family	: 16
model		: 9
model name	: AMD Opteron(tm) Processor 6168
stepping	: 1
cpu MHz		: 1900.000
cache size	: 512 KB
physical id	: 0
siblings	: 12
core id		: 1
cpu cores	: 12
apicid		: 17
initial apicid	: 1
fpu		: yes
fpu_exception	: yes
cpuid level	: 5
wp		: yes
flags		: fpu vme de pse tsc msr pae mce cx8 apic sep mtrr pge mca cmov pat pse36 clflush mmx fxsr sse sse2 ht syscall nx mmxext fxsr_opt pdpe1gb rdtscp lm 3dnowext 3dnow constant_tsc rep_good nonstop_tsc extd_apicid amd_dcm pni monitor cx16 popcnt lahf_lm cmp_legacy svm extapic cr8_legacy abm sse4a misalignsse 3dnowprefetch osvw ibs skinit wdt nodeid_msr npt lbrv svm_lock nrip_save pausefilter
bogomips	: 3800.16
TLB size	: 1024 4K pages
clflush size	: 64
cache_alignment	: 64
address sizes	: 48 bits physical, 48 bits virtual
power management: ts ttp tm stc 100mhzsteps hwpstate

processor	: 2
vendor_id	: AuthenticAMD
cpu family	: 16
model		: 9
model name	: AMD Opteron(tm) Processor 6168
stepping	: 1
cpu MHz		: 1900.000
cache size	: 512 KB
physical id	: 0
siblings	: 12
core id		: 2
cpu cores	: 12
apicid		: 18
initial apicid	: 2
fpu		: yes
fpu_exception	: yes
cpuid level	: 5
wp		: yes
flags		: fpu vme de pse tsc msr pae mce cx8 apic sep mtrr pge mca cmov pat pse36 clflush mmx fxsr sse sse2 ht syscall nx mmxext fxsr_opt pdpe1gb rdtscp lm 3dnowext 3dnow constant_tsc rep_good nonstop_tsc extd_apicid amd_dcm pni monitor cx16 popcnt lahf_lm cmp_legacy svm extapic cr8_legacy abm sse4a misalignsse 3dnowprefetch osvw ibs skinit wdt nodeid_msr npt lbrv svm_lock nrip_save pausefilter
bogomips	: 3800.16
TLB size	: 1024 4K pages
clflush size	: 64
cache_alignment	: 64
address sizes	: 48 bits physical, 48 bits virtual
power management: ts ttp tm stc 100mhzsteps hwpstate

processor	: 3
vendor_id	: AuthenticAMD
cpu family	: 16
model		: 9
model name	: AMD Opteron(tm) Processor 6168
stepping	: 1
cpu MHz		: 1900.000
cache size	: 512 KB
physical id	: 0
siblings	: 12
core id		: 3
cpu cores	: 12
apicid		: 19
initial apicid	: 3
fpu		: yes
fpu_exception	: yes
cpuid level	: 5
wp		: yes
flags		: fpu vme de pse tsc msr pae mce cx8 apic sep mtrr pge mca cmov pat pse36 clflush mmx fxsr sse sse2 ht syscall nx mmxext fxsr_opt pdpe1gb rdtscp lm 3dnowext 3dnow constant_tsc rep_good nonstop_tsc extd_apicid amd_dcm pni monitor cx16 popcnt lahf_lm cmp_legacy svm extapic cr8_legacy abm sse4a misalignsse 3dnowprefetch osvw ibs skinit wdt nodeid_msr npt lbrv svm_lock nrip_save pausefilter
bogomips	: 3800.16
TLB size	: 1024 4K pages
clflush size	: 64
cache_alignment	: 64
address sizes	: 48 bits physical, 48 bits virtual
power management: ts ttp tm stc 100mhzsteps hwpstate

processor	: 4
vendor_id	: AuthenticAMD
cpu family	: 16
model		: 9
model name	: AMD Opteron(tm) Processor 6168
stepping	: 1
cpu MHz		: 1900.000
cache size	: 512 KB
physical id	: 0
siblings	: 12
core id		: 4
cpu cores	: 12
apicid		: 20
initial apicid	: 4
fpu		: yes
fpu_exception	: yes
cpuid level	: 5
wp		: yes
flags		: fpu vme de pse tsc msr pae mce cx8 apic sep mtrr pge mca cmov pat pse36 clflush mmx fxsr sse sse2 ht syscall nx mmxext fxsr_opt pdpe1gb rdtscp lm 3dnowext 3dnow constant_tsc rep_good nonstop_tsc extd_apicid amd_dcm pni monitor cx16 popcnt lahf_lm cmp_legacy svm extapic cr8_legacy abm sse4a misalignsse 3dnowprefetch osvw ibs skinit wdt nodeid_msr npt lbrv svm_lock nrip_save pausefilter
bogomips	: 3800.16
TLB size	: 1024 4K pages
clflush size	: 64
cache_alignment	: 64
address sizes	: 48 bits physical, 48 bits virtual
power management: ts ttp tm stc 100mhzsteps hwpstate

processor	: 5
vendor_id	: AuthenticAMD
cpu family	: 16
model		: 9
model name	: AMD Opteron(tm) Processor 6168
stepping	: 1
cpu MHz		: 1900.000
cache size	: 512 KB
physical id	: 0
siblings	: 12
core id		: 5
cpu cores	: 12
apicid		: 21
initial apicid	: 5
fpu		: yes
fpu_exception	: yes
cpuid level	: 5
wp		: yes
flags		: fpu vme de pse tsc msr pae mce cx8 apic sep mtrr pge mca cmov pat pse36 clflush mmx fxsr sse sse2 ht syscall nx mmxext fxsr_opt pdpe1gb rdtscp lm 3dnowext 3dnow constant_tsc rep_good nonstop_tsc extd_apicid amd_dcm pni monitor cx16 popcnt lahf_lm cmp_legacy svm extapic cr8_legacy abm sse4a misalignsse 3dnowprefetch osvw ibs skinit wdt nodeid_msr npt lbrv svm_lock nrip_save pausefilter
bogomips	: 3800.16
TLB size	: 1024 4K pages
clflush size	: 64
cache_alignment	: 64
address sizes	: 48 bits physical, 48 bits virtual
power management: ts ttp tm stc 100mhzsteps hwpstate

processor	: 6
vendor_id	: AuthenticAMD
cpu family	: 16
model		: 9
model name	: AMD Opteron(tm) Processor 6168
stepping	: 1
cpu MHz		: 1900.000
cache size	: 512 KB
physical id	: 0
siblings	: 12
core id		: 0
cpu cores	: 12
apicid		: 22
initial apicid	: 6
fpu		: yes
fpu_exception	: yes
cpuid level	: 5
wp		: yes
flags		: fpu vme de pse tsc msr pae mce cx8 apic sep mtrr pge mca cmov pat pse36 clflush mmx fxsr sse sse2 ht syscall nx mmxext fxsr_opt pdpe1gb rdtscp lm 3dnowext 3dnow constant_tsc rep_good nonstop_tsc extd_apicid amd_dcm pni monitor cx16 popcnt lahf_lm cmp_legacy svm extapic cr8_legacy abm sse4a misalignsse 3dnowprefetch osvw ibs skinit wdt nodeid_msr npt lbrv svm_lock nrip_save pausefilter
bogomips	: 3800.16
TLB size	: 1024 4K pages
clflush size	: 64
cache_alignment	: 64
address sizes	: 48 bits physical, 48 bits virtual
power management: ts ttp tm stc 100mhzsteps hwpstate

processor	: 7
vendor_id	: AuthenticAMD
cpu family	: 16
model		: 9
model name	: AMD Opteron(tm) Processor 6168
stepping	: 1
cpu MHz		: 1900.000
cache size	: 512 KB
physical id	: 0
siblings	: 12
core id		: 1
cpu cores	: 12
apicid		: 23
initial apicid	: 7
fpu		: yes
fpu_exception	: yes
cpuid level	: 5
wp		: yes
flags		: fpu vme de pse tsc msr pae mce cx8 apic sep mtrr pge mca cmov pat pse36 clflush mmx fxsr sse sse2 ht syscall nx mmxext fxsr_opt pdpe1gb rdtscp lm 3dnowext 3dnow constant_tsc rep_good nonstop_tsc extd_apicid amd_dcm pni monitor cx16 popcnt lahf_lm cmp_legacy svm extapic cr8_legacy abm sse4a misalignsse 3dnowprefetch osvw ibs skinit wdt nodeid_msr npt lbrv svm_lock nrip_save pausefilter
bogomips	: 3800.16
TLB size	: 1024 4K pages
clflush size	: 64
cache_alignment	: 64
address sizes	: 48 bits physical, 48 bits virtual
power management: ts ttp tm stc 100mhzsteps hwpstate

processor	: 8
vendor_id	: AuthenticAMD
cpu family	: 16
model		: 9
model name	: AMD Opteron(tm) Processor 6168
stepping	: 1
cpu MHz		: 1900.000
cache size	: 512 KB
physical id	: 0
siblings	: 12
core id		: 2
cpu cores	: 12
apicid		: 24
initial apicid	: 8
fpu		: yes
fpu_exception	: yes
cpuid level	: 5
wp		: yes
flags		: fpu vme de pse tsc msr pae mce cx8 apic sep mtrr pge mca cmov pat pse36 clflush mmx fxsr sse sse2 ht syscall nx mmxext fxsr_opt pdpe1gb rdtscp lm 3dnowext 3dnow constant_tsc rep_good nonstop_tsc extd_apicid amd_dcm pni monitor cx16 popcnt lahf_lm cmp_legacy svm extapic cr8_legacy abm sse4a misalignsse 3dnowprefetch osvw ibs skinit wdt nodeid_msr npt lbrv svm_lock nrip_save pausefilter
bogomips	: 3800.16
TLB size	: 1024 4K pages
clflush size	: 64
cache_alignment	: 64
address sizes	: 48 bits physical, 48 bits virtual
power management: ts ttp tm stc 100mhzsteps hwpstate

processor	: 9
vendor_id	: AuthenticAMD
cpu family	: 16
model		: 9
model name	: AMD Opteron(tm) Processor 6168
stepping	: 1
cpu MHz		: 1900.000
cache size	: 512 KB
physical id	: 0
siblings	: 12
core id		: 3
cpu cores	: 12
apicid		: 25
initial apicid	: 9
fpu		: yes
fpu_exception	: yes
cpuid level	: 5
wp		: yes
flags		: fpu vme de pse tsc msr pae mce cx8 apic sep mtrr pge mca cmov pat pse36 clflush mmx fxsr sse sse2 ht syscall nx mmxext fxsr_opt pdpe1gb rdtscp lm 3dnowext 3dnow constant_tsc rep_good nonstop_tsc extd_apicid amd_dcm pni monitor cx16 popcnt lahf_lm cmp_legacy svm extapic cr8_legacy abm sse4a misalignsse 3dnowprefetch osvw ibs skinit wdt nodeid_msr npt lbrv svm_lock nrip_save pausefilter
bogomips	: 3800.16
TLB size	: 1024 4K pages
clflush size	: 64
cache_alignment	: 64
address sizes	: 48 bits physical, 48 bits virtual
power management: ts ttp tm stc 100mhzsteps hwpstate

processor	: 10
vendor_id	: AuthenticAMD
cpu family	: 16
model		: 9
model name	: AMD Opteron(tm) Processor 6168
stepping	: 1
cpu MHz		: 1900.000
cache size	: 512 KB
physical id	: 0
siblings	: 12
core id		: 4
cpu cores	: 12
apicid		: 26
initial apicid	: 10
fpu		: yes
fpu_exception	: yes
cpuid level	: 5
wp		: yes
flags		: fpu vme de pse tsc msr pae mce cx8 apic sep mtrr pge mca cmov pat pse36 clflush mmx fxsr sse sse2 ht syscall nx mmxext fxsr_opt pdpe1gb rdtscp lm 3dnowext 3dnow constant_tsc rep_good nonstop_tsc extd_apicid amd_dcm pni monitor cx16 popcnt lahf_lm cmp_legacy svm extapic cr8_legacy abm sse4a misalignsse 3dnowprefetch osvw ibs skinit wdt nodeid_msr npt lbrv svm_lock nrip_save pausefilter
bogomips	: 3800.16
TLB size	: 1024 4K pages
clflush size	: 64
cache_alignment	: 64
address sizes	: 48 bits physical, 48 bits virtual
power management: ts ttp tm stc 100mhzsteps hwpstate

processor	: 11
vendor_id	: AuthenticAMD
cpu family	: 16
model		: 9
model name	: AMD Opteron(tm) Processor 6168
stepping	: 1
cpu MHz		: 1900.000
cache size	: 512 KB
physical id	: 0
siblings	: 12
core id		: 5
cpu cores	: 12
apicid		: 27
initial apicid	: 11
fpu		: yes
fpu_exception	: yes
cpuid level	: 5
wp		: yes
flags		: fpu vme de pse tsc msr pae mce cx8 apic sep mtrr pge mca cmov pat pse36 clflush mmx fxsr sse sse2 ht syscall nx mmxext fxsr_opt pdpe1gb rdtscp lm 3dnowext 3dnow constant_tsc rep_good nonstop_tsc extd_apicid amd_dcm pni monitor cx16 popcnt lahf_lm cmp_legacy svm extapic cr8_legacy abm sse4a misalignsse 3dnowprefetch osvw ibs skinit wdt nodeid_msr npt lbrv svm_lock nrip_save pausefilter
bogomips	: 3800.16
TLB size	: 1024 4K pages
clflush size	: 64
cache_alignment	: 64
address sizes	: 48 bits physical, 48 bits virtual
power management: ts ttp tm stc 100mhzsteps hwpstate

processor	: 12
vendor_id	: AuthenticAMD
cpu family	: 16
model		: 9
model name	: AMD Opteron(tm) Processor 6168
stepping	: 1
cpu MHz		: 1900.000
cache size	: 512 KB
physical id	: 1
siblings	: 12
core id		: 0
cpu cores	: 12
apicid		: 32
initial apicid	: 16
fpu		: yes
fpu_exception	: yes
cpuid level	: 5
wp		: yes
flags		: fpu vme de pse tsc msr pae mce cx8 apic sep mtrr pge mca cmov pat pse36 clflush mmx fxsr sse sse2 ht syscall nx mmxext fxsr_opt pdpe1gb rdtscp lm 3dnowext 3dnow constant_tsc rep_good nonstop_tsc extd_apicid amd_dcm pni monitor cx16 popcnt lahf_lm cmp_legacy svm extapic cr8_legacy abm sse4a misalignsse 3dnowprefetch osvw ibs skinit wdt nodeid_msr npt lbrv svm_lock nrip_save pausefilter
bogomips	: 3800.38
TLB size	: 1024 4K pages
clflush size	: 64
cache_alignment	: 64
address sizes	: 48 bits physical, 48 bits virtual
power management: ts ttp tm stc 100mhzsteps hwpstate

processor	: 13
vendor_id	: AuthenticAMD
cpu family	: 16
model		: 9
model name	: AMD Opteron(tm) Processor 6168
stepping	: 1
cpu MHz		: 1900.000
cache size	: 512 KB
physical id	: 1
siblings	: 12
core id		: 1
cpu cores	: 12
apicid		: 33
initial apicid	: 17
fpu		: yes
fpu_exception	: yes
cpuid level	: 5
wp		: yes
flags		: fpu vme de pse tsc msr pae mce cx8 apic sep mtrr pge mca cmov pat pse36 clflush mmx fxsr sse sse2 ht syscall nx mmxext fxsr_opt pdpe1gb rdtscp lm 3dnowext 3dnow constant_tsc rep_good nonstop_tsc extd_apicid amd_dcm pni monitor cx16 popcnt lahf_lm cmp_legacy svm extapic cr8_legacy abm sse4a misalignsse 3dnowprefetch osvw ibs skinit wdt nodeid_msr npt lbrv svm_lock nrip_save pausefilter
bogomips	: 3800.38
TLB size	: 1024 4K pages
clflush size	: 64
cache_alignment	: 64
address sizes	: 48 bits physical, 48 bits virtual
power management: ts ttp tm stc 100mhzsteps hwpstate

processor	: 14
vendor_id	: AuthenticAMD
cpu family	: 16
model		: 9
model name	: AMD Opteron(tm) Processor 6168
stepping	: 1
cpu MHz		: 1900.000
cache size	: 512 KB
physical id	: 1
siblings	: 12
core id		: 2
cpu cores	: 12
apicid		: 34
initial apicid	: 18
fpu		: yes
fpu_exception	: yes
cpuid level	: 5
wp		: yes
flags		: fpu vme de pse tsc msr pae mce cx8 apic sep mtrr pge mca cmov pat pse36 clflush mmx fxsr sse sse2 ht syscall nx mmxext fxsr_opt pdpe1gb rdtscp lm 3dnowext 3dnow constant_tsc rep_good nonstop_tsc extd_apicid amd_dcm pni monitor cx16 popcnt lahf_lm cmp_legacy svm extapic cr8_legacy abm sse4a misalignsse 3dnowprefetch osvw ibs skinit wdt nodeid_msr npt lbrv svm_lock nrip_save pausefilter
bogomips	: 3800.38
TLB size	: 1024 4K pages
clflush size	: 64
cache_alignment	: 64
address sizes	: 48 bits physical, 48 bits virtual
power management: ts ttp tm stc 100mhzsteps hwpstate

processor	: 15
vendor_id	: AuthenticAMD
cpu family	: 16
model		: 9
model name	: AMD Opteron(tm) Processor 6168
stepping	: 1
cpu MHz		: 1900.000
cache size	: 512 KB
physical id	: 1
siblings	: 12
core id		: 3
cpu cores	: 12
apicid		: 35
initial apicid	: 19
fpu		: yes
fpu_exception	: yes
cpuid level	: 5
wp		: yes
flags		: fpu vme de pse tsc msr pae mce cx8 apic sep mtrr pge mca cmov pat pse36 clflush mmx fxsr sse sse2 ht syscall nx mmxext fxsr_opt pdpe1gb rdtscp lm 3dnowext 3dnow constant_tsc rep_good nonstop_tsc extd_apicid amd_dcm pni monitor cx16 popcnt lahf_lm cmp_legacy svm extapic cr8_legacy abm sse4a misalignsse 3dnowprefetch osvw ibs skinit wdt nodeid_msr npt lbrv svm_lock nrip_save pausefilter
bogomips	: 3800.38
TLB size	: 1024 4K pages
clflush size	: 64
cache_alignment	: 64
address sizes	: 48 bits physical, 48 bits virtual
power management: ts ttp tm stc 100mhzsteps hwpstate

processor	: 16
vendor_id	: AuthenticAMD
cpu family	: 16
model		: 9
model name	: AMD Opteron(tm) Processor 6168
stepping	: 1
cpu MHz		: 1900.000
cache size	: 512 KB
physical id	: 1
siblings	: 12
core id		: 4
cpu cores	: 12
apicid		: 36
initial apicid	: 20
fpu		: yes
fpu_exception	: yes
cpuid level	: 5
wp		: yes
flags		: fpu vme de pse tsc msr pae mce cx8 apic sep mtrr pge mca cmov pat pse36 clflush mmx fxsr sse sse2 ht syscall nx mmxext fxsr_opt pdpe1gb rdtscp lm 3dnowext 3dnow constant_tsc rep_good nonstop_tsc extd_apicid amd_dcm pni monitor cx16 popcnt lahf_lm cmp_legacy svm extapic cr8_legacy abm sse4a misalignsse 3dnowprefetch osvw ibs skinit wdt nodeid_msr npt lbrv svm_lock nrip_save pausefilter
bogomips	: 3800.38
TLB size	: 1024 4K pages
clflush size	: 64
cache_alignment	: 64
address sizes	: 48 bits physical, 48 bits virtual
power management: ts ttp tm stc 100mhzsteps hwpstate

processor	: 17
vendor_id	: AuthenticAMD
cpu family	: 16
model		: 9
model name	: AMD Opteron(tm) Processor 6168
stepping	: 1
cpu MHz		: 1900.000
cache size	: 512 KB
physical id	: 1
siblings	: 12
core id		: 5
cpu cores	: 12
apicid		: 37
initial apicid	: 21
fpu		: yes
fpu_exception	: yes
cpuid level	: 5
wp		: yes
flags		: fpu vme de pse tsc msr pae mce cx8 apic sep mtrr pge mca cmov pat pse36 clflush mmx fxsr sse sse2 ht syscall nx mmxext fxsr_opt pdpe1gb rdtscp lm 3dnowext 3dnow constant_tsc rep_good nonstop_tsc extd_apicid amd_dcm pni monitor cx16 popcnt lahf_lm cmp_legacy svm extapic cr8_legacy abm sse4a misalignsse 3dnowprefetch osvw ibs skinit wdt nodeid_msr npt lbrv svm_lock nrip_save pausefilter
bogomips	: 3800.38
TLB size	: 1024 4K pages
clflush size	: 64
cache_alignment	: 64
address sizes	: 48 bits physical, 48 bits virtual
power management: ts ttp tm stc 100mhzsteps hwpstate

processor	: 18
vendor_id	: AuthenticAMD
cpu family	: 16
model		: 9
model name	: AMD Opteron(tm) Processor 6168
stepping	: 1
cpu MHz		: 1900.000
cache size	: 512 KB
physical id	: 1
siblings	: 12
core id		: 0
cpu cores	: 12
apicid		: 38
initial apicid	: 22
fpu		: yes
fpu_exception	: yes
cpuid level	: 5
wp		: yes
flags		: fpu vme de pse tsc msr pae mce cx8 apic sep mtrr pge mca cmov pat pse36 clflush mmx fxsr sse sse2 ht syscall nx mmxext fxsr_opt pdpe1gb rdtscp lm 3dnowext 3dnow constant_tsc rep_good nonstop_tsc extd_apicid amd_dcm pni monitor cx16 popcnt lahf_lm cmp_legacy svm extapic cr8_legacy abm sse4a misalignsse 3dnowprefetch osvw ibs skinit wdt nodeid_msr npt lbrv svm_lock nrip_save pausefilter
bogomips	: 3800.38
TLB size	: 1024 4K pages
clflush size	: 64
cache_alignment	: 64
address sizes	: 48 bits physical, 48 bits virtual
power management: ts ttp tm stc 100mhzsteps hwpstate

processor	: 19
vendor_id	: AuthenticAMD
cpu family	: 16
model		: 9
model name	: AMD Opteron(tm) Processor 6168
stepping	: 1
cpu MHz		: 1900.000
cache size	: 512 KB
physical id	: 1
siblings	: 12
core id		: 1
cpu cores	: 12
apicid		: 39
initial apicid	: 23
fpu		: yes
fpu_exception	: yes
cpuid level	: 5
wp		: yes
flags		: fpu vme de pse tsc msr pae mce cx8 apic sep mtrr pge mca cmov pat pse36 clflush mmx fxsr sse sse2 ht syscall nx mmxext fxsr_opt pdpe1gb rdtscp lm 3dnowext 3dnow constant_tsc rep_good nonstop_tsc extd_apicid amd_dcm pni monitor cx16 popcnt lahf_lm cmp_legacy svm extapic cr8_legacy abm sse4a misalignsse 3dnowprefetch osvw ibs skinit wdt nodeid_msr npt lbrv svm_lock nrip_save pausefilter
bogomips	: 3800.38
TLB size	: 1024 4K pages
clflush size	: 64
cache_alignment	: 64
address sizes	: 48 bits physical, 48 bits virtual
power management: ts ttp tm stc 100mhzsteps hwpstate

processor	: 20
vendor_id	: AuthenticAMD
cpu family	: 16
model		: 9
model name	: AMD Opteron(tm) Processor 6168
stepping	: 1
cpu MHz		: 1900.000
cache size	: 512 KB
physical id	: 1
siblings	: 12
core id		: 2
cpu cores	: 12
apicid		: 40
initial apicid	: 24
fpu		: yes
fpu_exception	: yes
cpuid level	: 5
wp		: yes
flags		: fpu vme de pse tsc msr pae mce cx8 apic sep mtrr pge mca cmov pat pse36 clflush mmx fxsr sse sse2 ht syscall nx mmxext fxsr_opt pdpe1gb rdtscp lm 3dnowext 3dnow constant_tsc rep_good nonstop_tsc extd_apicid amd_dcm pni monitor cx16 popcnt lahf_lm cmp_legacy svm extapic cr8_legacy abm sse4a misalignsse 3dnowprefetch osvw ibs skinit wdt nodeid_msr npt lbrv svm_lock nrip_save pausefilter
bogomips	: 3800.38
TLB size	: 1024 4K pages
clflush size	: 64
cache_alignment	: 64
address sizes	: 48 bits physical, 48 bits virtual
power management: ts ttp tm stc 100mhzsteps hwpstate

processor	: 21
vendor_id	: AuthenticAMD
cpu family	: 16
model		: 9
model name	: AMD Opteron(tm) Processor 6168
stepping	: 1
cpu MHz		: 1900.000
cache size	: 512 KB
physical id	: 1
siblings	: 12
core id		: 3
cpu cores	: 12
apicid		: 41
initial apicid	: 25
fpu		: yes
fpu_exception	: yes
cpuid level	: 5
wp		: yes
flags		: fpu vme de pse tsc msr pae mce cx8 apic sep mtrr pge mca cmov pat pse36 clflush mmx fxsr sse sse2 ht syscall nx mmxext fxsr_opt pdpe1gb rdtscp lm 3dnowext 3dnow constant_tsc rep_good nonstop_tsc extd_apicid amd_dcm pni monitor cx16 popcnt lahf_lm cmp_legacy svm extapic cr8_legacy abm sse4a misalignsse 3dnowprefetch osvw ibs skinit wdt nodeid_msr npt lbrv svm_lock nrip_save pausefilter
bogomips	: 3800.38
TLB size	: 1024 4K pages
clflush size	: 64
cache_alignment	: 64
address sizes	: 48 bits physical, 48 bits virtual
power management: ts ttp tm stc 100mhzsteps hwpstate

processor	: 22
vendor_id	: AuthenticAMD
cpu family	: 16
model		: 9
model name	: AMD Opteron(tm) Processor 6168
stepping	: 1
cpu MHz		: 1900.000
cache size	: 512 KB
physical id	: 1
siblings	: 12
core id		: 4
cpu cores	: 12
apicid		: 42
initial apicid	: 26
fpu		: yes
fpu_exception	: yes
cpuid level	: 5
wp		: yes
flags		: fpu vme de pse tsc msr pae mce cx8 apic sep mtrr pge mca cmov pat pse36 clflush mmx fxsr sse sse2 ht syscall nx mmxext fxsr_opt pdpe1gb rdtscp lm 3dnowext 3dnow constant_tsc rep_good nonstop_tsc extd_apicid amd_dcm pni monitor cx16 popcnt lahf_lm cmp_legacy svm extapic cr8_legacy abm sse4a misalignsse 3dnowprefetch osvw ibs skinit wdt nodeid_msr npt lbrv svm_lock nrip_save pausefilter
bogomips	: 3800.38
TLB size	: 1024 4K pages
clflush size	: 64
cache_alignment	: 64
address sizes	: 48 bits physical, 48 bits virtual
power management: ts ttp tm stc 100mhzsteps hwpstate

processor	: 23
vendor_id	: AuthenticAMD
cpu family	: 16
model		: 9
model name	: AMD Opteron(tm) Processor 6168
stepping	: 1
cpu MHz		: 1900.000
cache size	: 512 KB
physical id	: 1
siblings	: 12
core id		: 5
cpu cores	: 12
apicid		: 43
initial apicid	: 27
fpu		: yes
fpu_exception	: yes
cpuid level	: 5
wp		: yes
flags		: fpu vme de pse tsc msr pae mce cx8 apic sep mtrr pge mca cmov pat pse36 clflush mmx fxsr sse sse2 ht syscall nx mmxext fxsr_opt pdpe1gb rdtscp lm 3dnowext 3dnow constant_tsc rep_good nonstop_tsc extd_apicid amd_dcm pni monitor cx16 popcnt lahf_lm cmp_legacy svm extapic cr8_legacy abm sse4a misalignsse 3dnowprefetch osvw ibs skinit wdt nodeid_msr npt lbrv svm_lock nrip_save pausefilter
bogomips	: 3800.38
TLB size	: 1024 4K pages
clflush size	: 64
cache_alignment	: 64
address sizes	: 48 bits physical, 48 bits virtual
power management: ts ttp tm stc 100mhzsteps hwpstate

processor	: 24
vendor_id	: AuthenticAMD
cpu family	: 16
model		: 9
model name	: AMD Opteron(tm) Processor 6168
stepping	: 1
cpu MHz		: 1900.000
cache size	: 512 KB
physical id	: 2
siblings	: 12
core id		: 0
cpu cores	: 12
apicid		: 48
initial apicid	: 32
fpu		: yes
fpu_exception	: yes
cpuid level	: 5
wp		: yes
flags		: fpu vme de pse tsc msr pae mce cx8 apic sep mtrr pge mca cmov pat pse36 clflush mmx fxsr sse sse2 ht syscall nx mmxext fxsr_opt pdpe1gb rdtscp lm 3dnowext 3dnow constant_tsc rep_good nonstop_tsc extd_apicid amd_dcm pni monitor cx16 popcnt lahf_lm cmp_legacy svm extapic cr8_legacy abm sse4a misalignsse 3dnowprefetch osvw ibs skinit wdt nodeid_msr npt lbrv svm_lock nrip_save pausefilter
bogomips	: 3800.38
TLB size	: 1024 4K pages
clflush size	: 64
cache_alignment	: 64
address sizes	: 48 bits physical, 48 bits virtual
power management: ts ttp tm stc 100mhzsteps hwpstate

processor	: 25
vendor_id	: AuthenticAMD
cpu family	: 16
model		: 9
model name	: AMD Opteron(tm) Processor 6168
stepping	: 1
cpu MHz		: 1900.000
cache size	: 512 KB
physical id	: 2
siblings	: 12
core id		: 1
cpu cores	: 12
apicid		: 49
initial apicid	: 33
fpu		: yes
fpu_exception	: yes
cpuid level	: 5
wp		: yes
flags		: fpu vme de pse tsc msr pae mce cx8 apic sep mtrr pge mca cmov pat pse36 clflush mmx fxsr sse sse2 ht syscall nx mmxext fxsr_opt pdpe1gb rdtscp lm 3dnowext 3dnow constant_tsc rep_good nonstop_tsc extd_apicid amd_dcm pni monitor cx16 popcnt lahf_lm cmp_legacy svm extapic cr8_legacy abm sse4a misalignsse 3dnowprefetch osvw ibs skinit wdt nodeid_msr npt lbrv svm_lock nrip_save pausefilter
bogomips	: 3800.38
TLB size	: 1024 4K pages
clflush size	: 64
cache_alignment	: 64
address sizes	: 48 bits physical, 48 bits virtual
power management: ts ttp tm stc 100mhzsteps hwpstate

processor	: 26
vendor_id	: AuthenticAMD
cpu family	: 16
model		: 9
model name	: AMD Opteron(tm) Processor 6168
stepping	: 1
cpu MHz		: 1900.000
cache size	: 512 KB
physical id	: 2
siblings	: 12
core id		: 2
cpu cores	: 12
apicid		: 50
initial apicid	: 34
fpu		: yes
fpu_exception	: yes
cpuid level	: 5
wp		: yes
flags		: fpu vme de pse tsc msr pae mce cx8 apic sep mtrr pge mca cmov pat pse36 clflush mmx fxsr sse sse2 ht syscall nx mmxext fxsr_opt pdpe1gb rdtscp lm 3dnowext 3dnow constant_tsc rep_good nonstop_tsc extd_apicid amd_dcm pni monitor cx16 popcnt lahf_lm cmp_legacy svm extapic cr8_legacy abm sse4a misalignsse 3dnowprefetch osvw ibs skinit wdt nodeid_msr npt lbrv svm_lock nrip_save pausefilter
bogomips	: 3800.38
TLB size	: 1024 4K pages
clflush size	: 64
cache_alignment	: 64
address sizes	: 48 bits physical, 48 bits virtual
power management: ts ttp tm stc 100mhzsteps hwpstate

processor	: 27
vendor_id	: AuthenticAMD
cpu family	: 16
model		: 9
model name	: AMD Opteron(tm) Processor 6168
stepping	: 1
cpu MHz		: 1900.000
cache size	: 512 KB
physical id	: 2
siblings	: 12
core id		: 3
cpu cores	: 12
apicid		: 51
initial apicid	: 35
fpu		: yes
fpu_exception	: yes
cpuid level	: 5
wp		: yes
flags		: fpu vme de pse tsc msr pae mce cx8 apic sep mtrr pge mca cmov pat pse36 clflush mmx fxsr sse sse2 ht syscall nx mmxext fxsr_opt pdpe1gb rdtscp lm 3dnowext 3dnow constant_tsc rep_good nonstop_tsc extd_apicid amd_dcm pni monitor cx16 popcnt lahf_lm cmp_legacy svm extapic cr8_legacy abm sse4a misalignsse 3dnowprefetch osvw ibs skinit wdt nodeid_msr npt lbrv svm_lock nrip_save pausefilter
bogomips	: 3800.38
TLB size	: 1024 4K pages
clflush size	: 64
cache_alignment	: 64
address sizes	: 48 bits physical, 48 bits virtual
power management: ts ttp tm stc 100mhzsteps hwpstate

processor	: 28
vendor_id	: AuthenticAMD
cpu family	: 16
model		: 9
model name	: AMD Opteron(tm) Processor 6168
stepping	: 1
cpu MHz		: 1900.000
cache size	: 512 KB
physical id	: 2
siblings	: 12
core id		: 4
cpu cores	: 12
apicid		: 52
initial apicid	: 36
fpu		: yes
fpu_exception	: yes
cpuid level	: 5
wp		: yes
flags		: fpu vme de pse tsc msr pae mce cx8 apic sep mtrr pge mca cmov pat pse36 clflush mmx fxsr sse sse2 ht syscall nx mmxext fxsr_opt pdpe1gb rdtscp lm 3dnowext 3dnow constant_tsc rep_good nonstop_tsc extd_apicid amd_dcm pni monitor cx16 popcnt lahf_lm cmp_legacy svm extapic cr8_legacy abm sse4a misalignsse 3dnowprefetch osvw ibs skinit wdt nodeid_msr npt lbrv svm_lock nrip_save pausefilter
bogomips	: 3800.38
TLB size	: 1024 4K pages
clflush size	: 64
cache_alignment	: 64
address sizes	: 48 bits physical, 48 bits virtual
power management: ts ttp tm stc 100mhzsteps hwpstate

processor	: 29
vendor_id	: AuthenticAMD
cpu family	: 16
model		: 9
model name	: AMD Opteron(tm) Processor 6168
stepping	: 1
cpu MHz		: 1900.000
cache size	: 512 KB
physical id	: 2
siblings	: 12
core id		: 5
cpu cores	: 12
apicid		: 53
initial apicid	: 37
fpu		: yes
fpu_exception	: yes
cpuid level	: 5
wp		: yes
flags		: fpu vme de pse tsc msr pae mce cx8 apic sep mtrr pge mca cmov pat pse36 clflush mmx fxsr sse sse2 ht syscall nx mmxext fxsr_opt pdpe1gb rdtscp lm 3dnowext 3dnow constant_tsc rep_good nonstop_tsc extd_apicid amd_dcm pni monitor cx16 popcnt lahf_lm cmp_legacy svm extapic cr8_legacy abm sse4a misalignsse 3dnowprefetch osvw ibs skinit wdt nodeid_msr npt lbrv svm_lock nrip_save pausefilter
bogomips	: 3800.38
TLB size	: 1024 4K pages
clflush size	: 64
cache_alignment	: 64
address sizes	: 48 bits physical, 48 bits virtual
power management: ts ttp tm stc 100mhzsteps hwpstate

processor	: 30
vendor_id	: AuthenticAMD
cpu family	: 16
model		: 9
model name	: AMD Opteron(tm) Processor 6168
stepping	: 1
cpu MHz		: 1900.000
cache size	: 512 KB
physical id	: 2
siblings	: 12
core id		: 0
cpu cores	: 12
apicid		: 54
initial apicid	: 38
fpu		: yes
fpu_exception	: yes
cpuid level	: 5
wp		: yes
flags		: fpu vme de pse tsc msr pae mce cx8 apic sep mtrr pge mca cmov pat pse36 clflush mmx fxsr sse sse2 ht syscall nx mmxext fxsr_opt pdpe1gb rdtscp lm 3dnowext 3dnow constant_tsc rep_good nonstop_tsc extd_apicid amd_dcm pni monitor cx16 popcnt lahf_lm cmp_legacy svm extapic cr8_legacy abm sse4a misalignsse 3dnowprefetch osvw ibs skinit wdt nodeid_msr npt lbrv svm_lock nrip_save pausefilter
bogomips	: 3800.38
TLB size	: 1024 4K pages
clflush size	: 64
cache_alignment	: 64
address sizes	: 48 bits physical, 48 bits virtual
power management: ts ttp tm stc 100mhzsteps hwpstate

processor	: 31
vendor_id	: AuthenticAMD
cpu family	: 16
model		: 9
model name	: AMD Opteron(tm) Processor 6168
stepping	: 1
cpu MHz		: 1900.000
cache size	: 512 KB
physical id	: 2
siblings	: 12
core id		: 1
cpu cores	: 12
apicid		: 55
initial apicid	: 39
fpu		: yes
fpu_exception	: yes
cpuid level	: 5
wp		: yes
flags		: fpu vme de pse tsc msr pae mce cx8 apic sep mtrr pge mca cmov pat pse36 clflush mmx fxsr sse sse2 ht syscall nx mmxext fxsr_opt pdpe1gb rdtscp lm 3dnowext 3dnow constant_tsc rep_good nonstop_tsc extd_apicid amd_dcm pni monitor cx16 popcnt lahf_lm cmp_legacy svm extapic cr8_legacy abm sse4a misalignsse 3dnowprefetch osvw ibs skinit wdt nodeid_msr npt lbrv svm_lock nrip_save pausefilter
bogomips	: 3800.38
TLB size	: 1024 4K pages
clflush size	: 64
cache_alignment	: 64
address sizes	: 48 bits physical, 48 bits virtual
power management: ts ttp tm stc 100mhzsteps hwpstate

processor	: 32
vendor_id	: AuthenticAMD
cpu family	: 16
model		: 9
model name	: AMD Opteron(tm) Processor 6168
stepping	: 1
cpu MHz		: 1900.000
cache size	: 512 KB
physical id	: 2
siblings	: 12
core id		: 2
cpu cores	: 12
apicid		: 56
initial apicid	: 40
fpu		: yes
fpu_exception	: yes
cpuid level	: 5
wp		: yes
flags		: fpu vme de pse tsc msr pae mce cx8 apic sep mtrr pge mca cmov pat pse36 clflush mmx fxsr sse sse2 ht syscall nx mmxext fxsr_opt pdpe1gb rdtscp lm 3dnowext 3dnow constant_tsc rep_good nonstop_tsc extd_apicid amd_dcm pni monitor cx16 popcnt lahf_lm cmp_legacy svm extapic cr8_legacy abm sse4a misalignsse 3dnowprefetch osvw ibs skinit wdt nodeid_msr npt lbrv svm_lock nrip_save pausefilter
bogomips	: 3800.38
TLB size	: 1024 4K pages
clflush size	: 64
cache_alignment	: 64
address sizes	: 48 bits physical, 48 bits virtual
power management: ts ttp tm stc 100mhzsteps hwpstate

processor	: 33
vendor_id	: AuthenticAMD
cpu family	: 16
model		: 9
model name	: AMD Opteron(tm) Processor 6168
stepping	: 1
cpu MHz		: 1900.000
cache size	: 512 KB
physical id	: 2
siblings	: 12
core id		: 3
cpu cores	: 12
apicid		: 57
initial apicid	: 41
fpu		: yes
fpu_exception	: yes
cpuid level	: 5
wp		: yes
flags		: fpu vme de pse tsc msr pae mce cx8 apic sep mtrr pge mca cmov pat pse36 clflush mmx fxsr sse sse2 ht syscall nx mmxext fxsr_opt pdpe1gb rdtscp lm 3dnowext 3dnow constant_tsc rep_good nonstop_tsc extd_apicid amd_dcm pni monitor cx16 popcnt lahf_lm cmp_legacy svm extapic cr8_legacy abm sse4a misalignsse 3dnowprefetch osvw ibs skinit wdt nodeid_msr npt lbrv svm_lock nrip_save pausefilter
bogomips	: 3800.38
TLB size	: 1024 4K pages
clflush size	: 64
cache_alignment	: 64
address sizes	: 48 bits physical, 48 bits virtual
power management: ts ttp tm stc 100mhzsteps hwpstate

processor	: 34
vendor_id	: AuthenticAMD
cpu family	: 16
model		: 9
model name	: AMD Opteron(tm) Processor 6168
stepping	: 1
cpu MHz		: 1900.000
cache size	: 512 KB
physical id	: 2
siblings	: 12
core id		: 4
cpu cores	: 12
apicid		: 58
initial apicid	: 42
fpu		: yes
fpu_exception	: yes
cpuid level	: 5
wp		: yes
flags		: fpu vme de pse tsc msr pae mce cx8 apic sep mtrr pge mca cmov pat pse36 clflush mmx fxsr sse sse2 ht syscall nx mmxext fxsr_opt pdpe1gb rdtscp lm 3dnowext 3dnow constant_tsc rep_good nonstop_tsc extd_apicid amd_dcm pni monitor cx16 popcnt lahf_lm cmp_legacy svm extapic cr8_legacy abm sse4a misalignsse 3dnowprefetch osvw ibs skinit wdt nodeid_msr npt lbrv svm_lock nrip_save pausefilter
bogomips	: 3800.38
TLB size	: 1024 4K pages
clflush size	: 64
cache_alignment	: 64
address sizes	: 48 bits physical, 48 bits virtual
power management: ts ttp tm stc 100mhzsteps hwpstate

processor	: 35
vendor_id	: AuthenticAMD
cpu family	: 16
model		: 9
model name	: AMD Opteron(tm) Processor 6168
stepping	: 1
cpu MHz		: 1900.000
cache size	: 512 KB
physical id	: 2
siblings	: 12
core id		: 5
cpu cores	: 12
apicid		: 59
initial apicid	: 43
fpu		: yes
fpu_exception	: yes
cpuid level	: 5
wp		: yes
flags		: fpu vme de pse tsc msr pae mce cx8 apic sep mtrr pge mca cmov pat pse36 clflush mmx fxsr sse sse2 ht syscall nx mmxext fxsr_opt pdpe1gb rdtscp lm 3dnowext 3dnow constant_tsc rep_good nonstop_tsc extd_apicid amd_dcm pni monitor cx16 popcnt lahf_lm cmp_legacy svm extapic cr8_legacy abm sse4a misalignsse 3dnowprefetch osvw ibs skinit wdt nodeid_msr npt lbrv svm_lock nrip_save pausefilter
bogomips	: 3800.38
TLB size	: 1024 4K pages
clflush size	: 64
cache_alignment	: 64
address sizes	: 48 bits physical, 48 bits virtual
power management: ts ttp tm stc 100mhzsteps hwpstate

processor	: 36
vendor_id	: AuthenticAMD
cpu family	: 16
model		: 9
model name	: AMD Opteron(tm) Processor 6168
stepping	: 1
cpu MHz		: 1900.000
cache size	: 512 KB
physical id	: 3
siblings	: 12
core id		: 0
cpu cores	: 12
apicid		: 64
initial apicid	: 48
fpu		: yes
fpu_exception	: yes
cpuid level	: 5
wp		: yes
flags		: fpu vme de pse tsc msr pae mce cx8 apic sep mtrr pge mca cmov pat pse36 clflush mmx fxsr sse sse2 ht syscall nx mmxext fxsr_opt pdpe1gb rdtscp lm 3dnowext 3dnow constant_tsc rep_good nonstop_tsc extd_apicid amd_dcm pni monitor cx16 popcnt lahf_lm cmp_legacy svm extapic cr8_legacy abm sse4a misalignsse 3dnowprefetch osvw ibs skinit wdt nodeid_msr npt lbrv svm_lock nrip_save pausefilter
bogomips	: 3800.38
TLB size	: 1024 4K pages
clflush size	: 64
cache_alignment	: 64
address sizes	: 48 bits physical, 48 bits virtual
power management: ts ttp tm stc 100mhzsteps hwpstate

processor	: 37
vendor_id	: AuthenticAMD
cpu family	: 16
model		: 9
model name	: AMD Opteron(tm) Processor 6168
stepping	: 1
cpu MHz		: 1900.000
cache size	: 512 KB
physical id	: 3
siblings	: 12
core id		: 1
cpu cores	: 12
apicid		: 65
initial apicid	: 49
fpu		: yes
fpu_exception	: yes
cpuid level	: 5
wp		: yes
flags		: fpu vme de pse tsc msr pae mce cx8 apic sep mtrr pge mca cmov pat pse36 clflush mmx fxsr sse sse2 ht syscall nx mmxext fxsr_opt pdpe1gb rdtscp lm 3dnowext 3dnow constant_tsc rep_good nonstop_tsc extd_apicid amd_dcm pni monitor cx16 popcnt lahf_lm cmp_legacy svm extapic cr8_legacy abm sse4a misalignsse 3dnowprefetch osvw ibs skinit wdt nodeid_msr npt lbrv svm_lock nrip_save pausefilter
bogomips	: 3800.38
TLB size	: 1024 4K pages
clflush size	: 64
cache_alignment	: 64
address sizes	: 48 bits physical, 48 bits virtual
power management: ts ttp tm stc 100mhzsteps hwpstate

processor	: 38
vendor_id	: AuthenticAMD
cpu family	: 16
model		: 9
model name	: AMD Opteron(tm) Processor 6168
stepping	: 1
cpu MHz		: 1900.000
cache size	: 512 KB
physical id	: 3
siblings	: 12
core id		: 2
cpu cores	: 12
apicid		: 66
initial apicid	: 50
fpu		: yes
fpu_exception	: yes
cpuid level	: 5
wp		: yes
flags		: fpu vme de pse tsc msr pae mce cx8 apic sep mtrr pge mca cmov pat pse36 clflush mmx fxsr sse sse2 ht syscall nx mmxext fxsr_opt pdpe1gb rdtscp lm 3dnowext 3dnow constant_tsc rep_good nonstop_tsc extd_apicid amd_dcm pni monitor cx16 popcnt lahf_lm cmp_legacy svm extapic cr8_legacy abm sse4a misalignsse 3dnowprefetch osvw ibs skinit wdt nodeid_msr npt lbrv svm_lock nrip_save pausefilter
bogomips	: 3800.38
TLB size	: 1024 4K pages
clflush size	: 64
cache_alignment	: 64
address sizes	: 48 bits physical, 48 bits virtual
power management: ts ttp tm stc 100mhzsteps hwpstate

processor	: 39
vendor_id	: AuthenticAMD
cpu family	: 16
model		: 9
model name	: AMD Opteron(tm) Processor 6168
stepping	: 1
cpu MHz		: 1900.000
cache size	: 512 KB
physical id	: 3
siblings	: 12
core id		: 3
cpu cores	: 12
apicid		: 67
initial apicid	: 51
fpu		: yes
fpu_exception	: yes
cpuid level	: 5
wp		: yes
flags		: fpu vme de pse tsc msr pae mce cx8 apic sep mtrr pge mca cmov pat pse36 clflush mmx fxsr sse sse2 ht syscall nx mmxext fxsr_opt pdpe1gb rdtscp lm 3dnowext 3dnow constant_tsc rep_good nonstop_tsc extd_apicid amd_dcm pni monitor cx16 popcnt lahf_lm cmp_legacy svm extapic cr8_legacy abm sse4a misalignsse 3dnowprefetch osvw ibs skinit wdt nodeid_msr npt lbrv svm_lock nrip_save pausefilter
bogomips	: 3800.38
TLB size	: 1024 4K pages
clflush size	: 64
cache_alignment	: 64
address sizes	: 48 bits physical, 48 bits virtual
power management: ts ttp tm stc 100mhzsteps hwpstate

processor	: 40
vendor_id	: AuthenticAMD
cpu family	: 16
model		: 9
model name	: AMD Opteron(tm) Processor 6168
stepping	: 1
cpu MHz		: 1900.000
cache size	: 512 KB
physical id	: 3
siblings	: 12
core id		: 4
cpu cores	: 12
apicid		: 68
initial apicid	: 52
fpu		: yes
fpu_exception	: yes
cpuid level	: 5
wp		: yes
flags		: fpu vme de pse tsc msr pae mce cx8 apic sep mtrr pge mca cmov pat pse36 clflush mmx fxsr sse sse2 ht syscall nx mmxext fxsr_opt pdpe1gb rdtscp lm 3dnowext 3dnow constant_tsc rep_good nonstop_tsc extd_apicid amd_dcm pni monitor cx16 popcnt lahf_lm cmp_legacy svm extapic cr8_legacy abm sse4a misalignsse 3dnowprefetch osvw ibs skinit wdt nodeid_msr npt lbrv svm_lock nrip_save pausefilter
bogomips	: 3800.38
TLB size	: 1024 4K pages
clflush size	: 64
cache_alignment	: 64
address sizes	: 48 bits physical, 48 bits virtual
power management: ts ttp tm stc 100mhzsteps hwpstate

processor	: 41
vendor_id	: AuthenticAMD
cpu family	: 16
model		: 9
model name	: AMD Opteron(tm) Processor 6168
stepping	: 1
cpu MHz		: 1900.000
cache size	: 512 KB
physical id	: 3
siblings	: 12
core id		: 5
cpu cores	: 12
apicid		: 69
initial apicid	: 53
fpu		: yes
fpu_exception	: yes
cpuid level	: 5
wp		: yes
flags		: fpu vme de pse tsc msr pae mce cx8 apic sep mtrr pge mca cmov pat pse36 clflush mmx fxsr sse sse2 ht syscall nx mmxext fxsr_opt pdpe1gb rdtscp lm 3dnowext 3dnow constant_tsc rep_good nonstop_tsc extd_apicid amd_dcm pni monitor cx16 popcnt lahf_lm cmp_legacy svm extapic cr8_legacy abm sse4a misalignsse 3dnowprefetch osvw ibs skinit wdt nodeid_msr npt lbrv svm_lock nrip_save pausefilter
bogomips	: 3800.38
TLB size	: 1024 4K pages
clflush size	: 64
cache_alignment	: 64
address sizes	: 48 bits physical, 48 bits virtual
power management: ts ttp tm stc 100mhzsteps hwpstate

processor	: 42
vendor_id	: AuthenticAMD
cpu family	: 16
model		: 9
model name	: AMD Opteron(tm) Processor 6168
stepping	: 1
cpu MHz		: 1900.000
cache size	: 512 KB
physical id	: 3
siblings	: 12
core id		: 0
cpu cores	: 12
apicid		: 70
initial apicid	: 54
fpu		: yes
fpu_exception	: yes
cpuid level	: 5
wp		: yes
flags		: fpu vme de pse tsc msr pae mce cx8 apic sep mtrr pge mca cmov pat pse36 clflush mmx fxsr sse sse2 ht syscall nx mmxext fxsr_opt pdpe1gb rdtscp lm 3dnowext 3dnow constant_tsc rep_good nonstop_tsc extd_apicid amd_dcm pni monitor cx16 popcnt lahf_lm cmp_legacy svm extapic cr8_legacy abm sse4a misalignsse 3dnowprefetch osvw ibs skinit wdt nodeid_msr npt lbrv svm_lock nrip_save pausefilter
bogomips	: 3800.38
TLB size	: 1024 4K pages
clflush size	: 64
cache_alignment	: 64
address sizes	: 48 bits physical, 48 bits virtual
power management: ts ttp tm stc 100mhzsteps hwpstate

processor	: 43
vendor_id	: AuthenticAMD
cpu family	: 16
model		: 9
model name	: AMD Opteron(tm) Processor 6168
stepping	: 1
cpu MHz		: 1900.000
cache size	: 512 KB
physical id	: 3
siblings	: 12
core id		: 1
cpu cores	: 12
apicid		: 71
initial apicid	: 55
fpu		: yes
fpu_exception	: yes
cpuid level	: 5
wp		: yes
flags		: fpu vme de pse tsc msr pae mce cx8 apic sep mtrr pge mca cmov pat pse36 clflush mmx fxsr sse sse2 ht syscall nx mmxext fxsr_opt pdpe1gb rdtscp lm 3dnowext 3dnow constant_tsc rep_good nonstop_tsc extd_apicid amd_dcm pni monitor cx16 popcnt lahf_lm cmp_legacy svm extapic cr8_legacy abm sse4a misalignsse 3dnowprefetch osvw ibs skinit wdt nodeid_msr npt lbrv svm_lock nrip_save pausefilter
bogomips	: 3800.38
TLB size	: 1024 4K pages
clflush size	: 64
cache_alignment	: 64
address sizes	: 48 bits physical, 48 bits virtual
power management: ts ttp tm stc 100mhzsteps hwpstate

processor	: 44
vendor_id	: AuthenticAMD
cpu family	: 16
model		: 9
model name	: AMD Opteron(tm) Processor 6168
stepping	: 1
cpu MHz		: 1900.000
cache size	: 512 KB
physical id	: 3
siblings	: 12
core id		: 2
cpu cores	: 12
apicid		: 72
initial apicid	: 56
fpu		: yes
fpu_exception	: yes
cpuid level	: 5
wp		: yes
flags		: fpu vme de pse tsc msr pae mce cx8 apic sep mtrr pge mca cmov pat pse36 clflush mmx fxsr sse sse2 ht syscall nx mmxext fxsr_opt pdpe1gb rdtscp lm 3dnowext 3dnow constant_tsc rep_good nonstop_tsc extd_apicid amd_dcm pni monitor cx16 popcnt lahf_lm cmp_legacy svm extapic cr8_legacy abm sse4a misalignsse 3dnowprefetch osvw ibs skinit wdt nodeid_msr npt lbrv svm_lock nrip_save pausefilter
bogomips	: 3800.38
TLB size	: 1024 4K pages
clflush size	: 64
cache_alignment	: 64
address sizes	: 48 bits physical, 48 bits virtual
power management: ts ttp tm stc 100mhzsteps hwpstate

processor	: 45
vendor_id	: AuthenticAMD
cpu family	: 16
model		: 9
model name	: AMD Opteron(tm) Processor 6168
stepping	: 1
cpu MHz		: 1900.000
cache size	: 512 KB
physical id	: 3
siblings	: 12
core id		: 3
cpu cores	: 12
apicid		: 73
initial apicid	: 57
fpu		: yes
fpu_exception	: yes
cpuid level	: 5
wp		: yes
flags		: fpu vme de pse tsc msr pae mce cx8 apic sep mtrr pge mca cmov pat pse36 clflush mmx fxsr sse sse2 ht syscall nx mmxext fxsr_opt pdpe1gb rdtscp lm 3dnowext 3dnow constant_tsc rep_good nonstop_tsc extd_apicid amd_dcm pni monitor cx16 popcnt lahf_lm cmp_legacy svm extapic cr8_legacy abm sse4a misalignsse 3dnowprefetch osvw ibs skinit wdt nodeid_msr npt lbrv svm_lock nrip_save pausefilter
bogomips	: 3800.38
TLB size	: 1024 4K pages
clflush size	: 64
cache_alignment	: 64
address sizes	: 48 bits physical, 48 bits virtual
power management: ts ttp tm stc 100mhzsteps hwpstate

processor	: 46
vendor_id	: AuthenticAMD
cpu family	: 16
model		: 9
model name	: AMD Opteron(tm) Processor 6168
stepping	: 1
cpu MHz		: 1900.000
cache size	: 512 KB
physical id	: 3
siblings	: 12
core id		: 4
cpu cores	: 12
apicid		: 74
initial apicid	: 58
fpu		: yes
fpu_exception	: yes
cpuid level	: 5
wp		: yes
flags		: fpu vme de pse tsc msr pae mce cx8 apic sep mtrr pge mca cmov pat pse36 clflush mmx fxsr sse sse2 ht syscall nx mmxext fxsr_opt pdpe1gb rdtscp lm 3dnowext 3dnow constant_tsc rep_good nonstop_tsc extd_apicid amd_dcm pni monitor cx16 popcnt lahf_lm cmp_legacy svm extapic cr8_legacy abm sse4a misalignsse 3dnowprefetch osvw ibs skinit wdt nodeid_msr npt lbrv svm_lock nrip_save pausefilter
bogomips	: 3800.38
TLB size	: 1024 4K pages
clflush size	: 64
cache_alignment	: 64
address sizes	: 48 bits physical, 48 bits virtual
power management: ts ttp tm stc 100mhzsteps hwpstate

processor	: 47
vendor_id	: AuthenticAMD
cpu family	: 16
model		: 9
model name	: AMD Opteron(tm) Processor 6168
stepping	: 1
cpu MHz		: 1900.000
cache size	: 512 KB
physical id	: 3
siblings	: 12
core id		: 5
cpu cores	: 12
apicid		: 75
initial apicid	: 59
fpu		: yes
fpu_exception	: yes
cpuid level	: 5
wp		: yes
flags		: fpu vme de pse tsc msr pae mce cx8 apic sep mtrr pge mca cmov pat pse36 clflush mmx fxsr sse sse2 ht syscall nx mmxext fxsr_opt pdpe1gb rdtscp lm 3dnowext 3dnow constant_tsc rep_good nonstop_tsc extd_apicid amd_dcm pni monitor cx16 popcnt lahf_lm cmp_legacy svm extapic cr8_legacy abm sse4a misalignsse 3dnowprefetch osvw ibs skinit wdt nodeid_msr npt lbrv svm_lock nrip_save pausefilter
bogomips	: 3800.38
TLB size	: 1024 4K pages
clflush size	: 64
cache_alignment	: 64
address sizes	: 48 bits physical, 48 bits virtual
power management: ts ttp tm stc 100mhzsteps hwpstate

htsai010@hammer.cs.ucr.edu $ cat /proc/meminfo
MemTotal:       264524968 kB
MemFree:        257086756 kB
Buffers:          345316 kB
Cached:          3895484 kB
SwapCached:            0 kB
Active:          1571436 kB
Inactive:        2856620 kB
Active(anon):     188024 kB
Inactive(anon):    24320 kB
Active(file):    1383412 kB
Inactive(file):  2832300 kB
Unevictable:           0 kB
Mlocked:               0 kB
SwapTotal:      27585532 kB
SwapFree:       27585532 kB
Dirty:               280 kB
Writeback:             0 kB
AnonPages:        187992 kB
Mapped:            40024 kB
Shmem:             25060 kB
Slab:            1416376 kB
SReclaimable:    1337432 kB
SUnreclaim:        78944 kB
KernelStack:        9392 kB
PageTables:        39756 kB
NFS_Unstable:          0 kB
Bounce:                0 kB
WritebackTmp:          0 kB
CommitLimit:    159848016 kB
Committed_AS:     649456 kB
VmallocTotal:   34359738367 kB
VmallocUsed:      694688 kB
VmallocChunk:   34123633304 kB
HardwareCorrupted:     0 kB
AnonHugePages:     16384 kB
HugePages_Total:       0
HugePages_Free:        0
HugePages_Rsvd:        0
HugePages_Surp:        0
Hugepagesize:       2048 kB
DirectMap4k:        6528 kB
DirectMap2M:     3137536 kB
DirectMap1G:    265289728 kB
htsai010@hammer.cs.ucr.edu $ df -h
Filesystem            Size  Used Avail Use% Mounted on
/dev/sda1             433G  6.8G  404G   2% /
tmpfs                 127G   23M  127G   1% /dev/shm
nemo:/vol/vol0/csmajs
                      682G  621G   62G  92% /home/csmajs
nemo:/vol/vol0/classes
                      682G  621G   62G  92% /class/classes
htsai010@hammer.cs.ucr.edu $ du
24	.
htsai010@hammer.cs.ucr.edu $ free
             total       used       free     shared    buffers     cached
Mem:     264524968    7442648  257082320          0     345316    3896064
-/+ buffers/cache:    3201268  261323700
Swap:     27585532          0   27585532
htsai010@hammer.cs.ucr.edu $ ^[[A
execvp: No such file or directory
htsai010@hammer.cs.ucr.edu $ ^R

htsai010@hammer.cs.ucr.edu $ na  man execvp
7[?47h[?1h=EXEC(3)                    Linux Programmer’s Manual                   EXEC(3)

[1mNAME[m
       execl, execlp, execle, execv, execvp - execute a file

[1mSYNOPSIS[m
       [1m#include[m [1m<unistd.h>[m

       [1mextern[m [1mchar[m [1m**environ;[m

       [1mint[m [1mexecl(const[m [1mchar[m [1m*[m[4mpath[m[1m,[m [1mconst[m [1mchar[m [1m*[m[4marg[m[1m,[m [1m...);[m
       [1mint[m [1mexeclp(const[m [1mchar[m [1m*[m[4mfile[m[1m,[m [1mconst[m [1mchar[m [1m*[m[4marg[m[1m,[m [1m...);[m
       [1mint[m [1mexecle(const[m [1mchar[m [1m*[m[4mpath[m[1m,[m [1mconst[m [1mchar[m [1m*[m[4marg[m[1m,[m
                  [1m...,[m [1mchar[m [1m*[m [1mconst[m [4menvp[m[1m[]);[m
       [1mint[m [1mexecv(const[m [1mchar[m [1m*[m[4mpath[m[1m,[m [1mchar[m [1m*const[m [4margv[m[1m[]);[m
       [1mint[m [1mexecvp(const[m [1mchar[m [1m*[m[4mfile[m[1m,[m [1mchar[m [1m*const[m [4margv[m[1m[]);[m

[1mDESCRIPTION[m
       The  [1mexec[m()  family of functions replaces the current process image with a new process image.  The functions described in this manual page are front-ends
       for [1mexecve[m(2).  (See the manual page for [1mexecve[m(2) for further details about the replacement of the current process image.)

       The initial argument for these functions is the pathname of a file which is to be executed.

       The [4mconst[m [4mchar[m [4m*arg[m and subsequent ellipses in the [1mexecl[m(), [1mexeclp[m(), and [1mexecle[m() functions can be thought of as [4marg0[m, [4marg1[m, ..., [4margn[m.   Together  they
       describe  a  list of one or more pointers to null-terminated strings that represent the argument list available to the executed program.  The first argu-
       ment, by convention, should point to the filename associated with the file being executed.  The list of arguments [4mmust[m be terminated by a  NULL  pointer,
       and, since these are variadic functions, this pointer must be cast [4m(char[m [4m*)[m [4mNULL[m.

       The [1mexecv[m() and [1mexecvp[m() functions provide an array of pointers to null-terminated strings that represent the argument list available to the new program.
       The first argument, by convention, should point to the filename associated with the file being executed.  The array of pointers [4mmust[m be terminated  by  a
       NULL pointer.

       The  [1mexecle[m()  function also specifies the environment of the executed process by following the NULL pointer that terminates the list of arguments in the
       argument list or the pointer to the [4margv[m array with an additional argument.  This additional argument is an array of pointers to null-terminated  strings
       and  [4mmust[m  be terminated by a NULL pointer.  The other functions take the environment for the new process image from the external variable [4menviron[m in the
       current process.

   [1mSpecial[m [1msemantics[m [1mfor[m [1mexeclp()[m [1mand[m [1mexecvp()[m
       The functions [1mexeclp[m() and [1mexecvp[m() will duplicate the actions of the shell in searching for an executable file if the specified filename does  not  con-
       tain  a  slash  (/)  character.   The  search  path is the path specified in the environment by the [1mPATH[m variable.  If this variable isn’t specified, the
       default path ":/bin:/usr/bin" is used.  In addition, certain errors are treated specially.

       If permission is denied for a file (the attempted [1mexecve[m(2) failed with the error [1mEACCES[m), these functions will continue searching the rest of the search
       path.  If no other file is found, however, they will return with [4merrno[m set to [1mEACCES[m.

       If  the  header of a file isn’t recognized (the attempted [1mexecve[m(2) failed with the error [1mENOEXEC[m), these functions will execute the shell ([4m/bin/sh[m) with
       the path of the file as its first argument.  (If this attempt fails, no further searching is done.)

[1mRETURN[m [1mVALUE[m
       If any of the [1mexec[m() functions returns, an error will have occurred.  The return value is -1, and [4merrno[m will be set to indicate the error.

:[K[K[?1l>[2J[?47l8htsai010@hammer.cs.ucr.edu $ ls -l
total 20
-rwx------ 1 htsai010 csmajs 10089 Oct 21 23:06 a.out
-rw------- 1 htsai010 csmajs  2438 Oct 21 22:55 main.cpp
-rw------- 1 htsai010 csmajs  2434 Oct 21 22:48 main.cpp~
htsai010@hammer.cs.ucr.edu $ ls -laC
.  ..  a.out  main.cpp	main.cpp~
htsai010@hammer.cs.ucr.edu $ - ls -F
a.out*	main.cpp  main.cpp~
htsai010@hammer.cs.ucr.edu $ las      s -a -l
total 28
drwx------ 2 htsai010 csmajs  4096 Oct 21 23:06 .
drwx------ 4 htsai010 csmajs  4096 Oct 21 23:06 ..
-rwx------ 1 htsai010 csmajs 10089 Oct 21 23:06 a.out
-rw------- 1 htsai010 csmajs  2438 Oct 21 22:55 main.cpp
-rw------- 1 htsai010 csmajs  2434 Oct 21 22:48 main.cpp~
htsai010@hammer.cs.ucr.edu $ mkdi ir test
htsai010@hammer.cs.ucr.edu $ ls
a.out  main.cpp  main.cpp~  test
htsai010@hammer.cs.ucr.edu $ cd test       rm  dir test
htsai010@hammer.cs.ucr.edu $ ls
a.out  main.cpp  main.cpp~
htsai010@hammer.cs.ucr.edu $ ls -a && echo hello
ls: cannot access &&: No such file or directory
ls: cannot access echo: No such file or directory
ls: cannot access hello: No such file or directory
htsai010@hammer.cs.ucr.edu $ ./  shh  sh   cd
execvp: No such file or directory
htsai010@hammer.cs.ucr.edu $ cd ..
execvp: No such file or directory
htsai010@hammer.cs.ucr.edu $ cd .
execvp: No such file or directory
htsai010@hammer.cs.ucr.edu $ top
[H[2J[mtop - 23:17:17 up 16 days,  2:52, 73 users,  load average: 3.09, 2.86, 2.69[m[m[K
Tasks:[m[m[m 1022 [m[mtotal,[m[m[m   1 [m[mrunning,[m[m[m 1020 [m[msleeping,[m[m[m   1 [m[mstopped,[m[m[m   0 [m[mzombie[m[m[K
Cpu(s):[m[m[m  0.0%[m[mus,[m[m[m  0.1%[m[msy,[m[m[m  0.0%[m[mni,[m[m[m 99.9%[m[mid,[m[m[m  0.0%[m[mwa,[m[m[m  0.0%[m[mhi,[m[m[m  0.0%[m[msi,[m[m[m  0.0%[m[mst[m[m[K
Mem: [m[m[m 264524968k [m[mtotal,[m[m[m  7462340k [m[mused,[m[m[m 257062628k [m[mfree,[m[m[m   345324k [m[mbuffers[m[m[K
Swap:[m[m[m 27585532k [m[mtotal,[m[m[m        0k [m[mused,[m[m[m 27585532k [m[mfree,[m[m[m  3896772k [m[mcached[m[m[K
[6;1H
[7m  PID USER      PR  NI  VIRT  RES  SHR S %CPU %MEM    TIME+  COMMAND                                                                                                              [m[m[K
[m 9328 bchen022  20   0  142m 3856 2260 S 20.4  0.0   0:01.55 vim                                                                                                                  [m[m
[m 9736 afan004   20   0 19928 2060 1008 S  5.6  0.0   0:00.05 top                                                                                                                  [m[m
[m[m 9737 htsai010  20   0 19924 1988  928 R  5.6  0.0   0:00.04 top                                                                                                                  [m[m
[m 8607 ogonz007  20   0  142m 3676 2320 S  1.9  0.0   0:00.09 vim                                                                                                                  [m[m
[m 9157 bchen022  20   0  102m 2368 1268 S  1.9  0.0   0:00.04 sshd                                                                                                                 [m[m
[m43893 yli082    20   0  102m 2684 1156 S  1.9  0.0   0:00.98 sshd                                                                                                                 [m[m
[m    1 root      20   0 19364 1564 1240 S  0.0  0.0   4:56.40 init                                                                                                                 [m[m
[m    2 root      20   0     0    0    0 S  0.0  0.0   0:00.07 kthreadd                                                                                                             [m[m
[m    3 root      RT   0     0    0    0 S  0.0  0.0   0:06.97 migration/0                                                                                                          [m[m
[m    4 root      20   0     0    0    0 S  0.0  0.0   0:00.32 ksoftirqd/0                                                                                                          [m[m
[m    5 root      RT   0     0    0    0 S  0.0  0.0   0:00.00 migration/0                                                                                                          [m[m
[m    6 root      RT   0     0    0    0 S  0.0  0.0   0:01.47 watchdog/0                                                                                                           [m[m
[m    7 root      RT   0     0    0    0 S  0.0  0.0   5:40.80 migration/1                                                                                                          [m[m
[m    8 root      RT   0     0    0    0 S  0.0  0.0   0:00.00 migration/1                                                                                                          [m[m
[m    9 root      20   0     0    0    0 S  0.0  0.0   0:00.59 ksoftirqd/1                                                                                                          [m[m
[m   10 root      RT   0     0    0    0 S  0.0  0.0   0:27.80 watchdog/1                                                                                                           [m[m
[m   11 root      RT   0     0    0    0 S  0.0  0.0   0:36.98 migration/2                                                                                                          [m[m
[m   12 root      RT   0     0    0    0 S  0.0  0.0   0:00.00 migration/2                                                                                                          [m[m
[m   13 root      20   0     0    0    0 S  0.0  0.0   0:00.61 ksoftirqd/2                                                                                                          [m[m
[m   14 root      RT   0     0    0    0 S  0.0  0.0   0:01.73 watchdog/2                                                                                                           [m[m
[m   15 root      RT   0     0    0    0 S  0.0  0.0   0:01.09 migration/3                                                                                                          [m[m
[m   16 root      RT   0     0    0    0 S  0.0  0.0   0:00.00 migration/3                                                                                                          [m[m
[m   17 root      20   0     0    0    0 S  0.0  0.0   0:00.69 ksoftirqd/3                                                                                                          [m[m
[m   18 root      RT   0     0    0    0 S  0.0  0.0   0:01.04 watchdog/3                                                                                                           [m[m
[m   19 root      RT   0     0    0    0 S  0.0  0.0   0:00.56 migration/4                                                                                                          [m[m
[m   20 root      RT   0     0    0    0 S  0.0  0.0   0:00.00 migration/4                                                                                                          [m[m
[m   21 root      20   0     0    0    0 S  0.0  0.0   0:00.05 ksoftirqd/4                                                                                                          [m[m
[m   22 root      RT   0     0    0    0 S  0.0  0.0   0:01.01 watchdog/4                                                                                                           [m[m
[m   23 root      RT   0     0    0    0 S  0.0  0.0   0:00.24 migration/5                                                                                                          [m[m
[m   24 root      RT   0     0    0    0 S  0.0  0.0   0:00.00 migration/5                                                                                                          [m[m
[m   25 root      20   0     0    0    0 S  0.0  0.0   0:00.22 ksoftirqd/5                                                                                                          [m[m
[m   26 root      RT   0     0    0    0 S  0.0  0.0   0:01.01 watchdog/5                                                                                                           [m[m
[m   27 root      RT   0     0    0    0 S  0.0  0.0   0:03.99 migration/6                                                                                                          [m[m
[m   28 root      RT   0     0    0    0 S  0.0  0.0   0:00.00 migration/6                                                                                                          [m[m
[m   29 root      20   0     0    0    0 S  0.0  0.0   0:00.39 ksoftirqd/6                                                                                                          [m[m
[m   30 root      RT   0     0    0    0 S  0.0  0.0   0:01.14 watchdog/6                                                                                                           [m[m
[m   31 root      RT   0     0    0    0 S  0.0  0.0   6:05.17 migration/7                                                                                                          [m[m
[m   32 root      RT   0     0    0    0 S  0.0  0.0   0:00.00 migration/7                                                                                                          [m[m
[m   33 root      20   0     0    0    0 S  0.0  0.0   0:00.38 ksoftirqd/7                                                                                                          [m[m
[m   34 root      RT   0     0    0    0 S  0.0  0.0   0:24.57 watchdog/7                                                                                                           [m[m
[m   35 root      RT   0     0    0    0 S  0.0  0.0   0:03.26 migration/8                                                                                                          [m[m
[m   36 root      RT   0     0    0    0 S  0.0  0.0   0:00.00 migration/8                                                                                                          [m[m
[m   37 root      20   0     0    0    0 S  0.0  0.0   0:00.19 ksoftirqd/8                                                                                                          [m[m
[m   38 root      RT   0     0    0    0 S  0.0  0.0   0:01.91 watchdog/8                                                                                                           [m[m
[m   39 root      RT   0     0    0    0 S  0.0  0.0   0:01.17 migration/9                                                                                                          [m[m[6;1H[K[H[mtop - 23:17:20 up 16 days,  2:52, 73 users,  load average: 3.09, 2.86, 2.69[m[m[K
Tasks:[m[m[m 1021 [m[mtotal,[m[m[m   1 [m[mrunning,[m[m[m 1019 [m[msleeping,[m[m[m   1 [m[mstopped,[m[m[m   0 [m[mzombie[m[m[K
Cpu(s):[m[m[m  0.2%[m[mus,[m[m[m  0.1%[m[msy,[m[m[m  0.0%[m[mni,[m[m[m 99.7%[m[mid,[m[m[m  0.0%[m[mwa,[m[m[m  0.0%[m[mhi,[m[m[m  0.0%[m[msi,[m[m[m  0.0%[m[mst[m[m[K
Mem: [m[m[m 264524968k [m[mtotal,[m[m[m  7459764k [m[mused,[m[m[m 257065204k [m[mfree,[m[m[m   345324k [m[mbuffers[m[m[K
Swap:[m[m[m 27585532k [m[mtotal,[m[m[m        0k [m[mused,[m[m[m 27585532k [m[mfree,[m[m[m  3896796k [m[mcached[m[m[K
[6;1H

[m 9328 bchen022  20   0  142m 3856 2260 S 10.2  0.0   0:01.86 vim                                                                                                                  [m[m
[m[m 9737 htsai010  20   0 20076 2108 1012 R  1.3  0.0   0:00.08 top                                                                                                                  [m[m
[m 6947 nlapr001  20   0  142m 3536 2288 S  0.7  0.0   0:00.65 vim                                                                                                                  [m[m
[m 9416 hchu007   20   0 59928 2396 1696 S  0.7  0.0   0:00.10 sftp-server                                                                                                          [m[m
[m 9718 yli082    20   0  143m 4884 2268 S  0.7  0.0   0:00.09 vim                                                                                                                  [m[m
[m 9278 cmanj001  20   0  142m 3716 2320 S  0.3  0.0   0:00.11 vim                                                                                                                  [m[m
[m 9728 atost001  20   0  142m 3688 2296 S  0.3  0.0   0:00.05 vim                                                                                                                  [m[m
[m    1 root      20   0 19364 1564 1240 S  0.0  0.0   4:56.40 init                                                                                                                 [m[m
[m    2 root      20   0     0    0    0 S  0.0  0.0   0:00.07 kthreadd                                                                                                             [m[m
[m    3 root      RT   0     0    0    0 S  0.0  0.0   0:06.97 migration/0                                                                                                          [m[m
[m    4 root      20   0     0    0    0 S  0.0  0.0   0:00.32 ksoftirqd/0                                                                                                          [m[m
[m    5 root      RT   0     0    0    0 S  0.0  0.0   0:00.00 migration/0                                                                                                          [m[m
[m    6 root      RT   0     0    0    0 S  0.0  0.0   0:01.47 watchdog/0                                                                                                           [m[m
[m    7 root      RT   0     0    0    0 S  0.0  0.0   5:40.80 migration/1                                                                                                          [m[m
[m    8 root      RT   0     0    0    0 S  0.0  0.0   0:00.00 migration/1                                                                                                          [m[m
[m    9 root      20   0     0    0    0 S  0.0  0.0   0:00.59 ksoftirqd/1                                                                                                          [m[m
[m   10 root      RT   0     0    0    0 S  0.0  0.0   0:27.80 watchdog/1                                                                                                           [m[m
[m   11 root      RT   0     0    0    0 S  0.0  0.0   0:36.98 migration/2                                                                                                          [m[m
[m   12 root      RT   0     0    0    0 S  0.0  0.0   0:00.00 migration/2                                                                                                          [m[m
[m   13 root      20   0     0    0    0 S  0.0  0.0   0:00.61 ksoftirqd/2                                                                                                          [m[m
[m   14 root      RT   0     0    0    0 S  0.0  0.0   0:01.73 watchdog/2                                                                                                           [m[m
[m   15 root      RT   0     0    0    0 S  0.0  0.0   0:01.09 migration/3                                                                                                          [m[m
[m   16 root      RT   0     0    0    0 S  0.0  0.0   0:00.00 migration/3                                                                                                          [m[m
[m   17 root      20   0     0    0    0 S  0.0  0.0   0:00.69 ksoftirqd/3                                                                                                          [m[m
[m   18 root      RT   0     0    0    0 S  0.0  0.0   0:01.04 watchdog/3                                                                                                           [m[m
[m   19 root      RT   0     0    0    0 S  0.0  0.0   0:00.56 migration/4                                                                                                          [m[m
[m   20 root      RT   0     0    0    0 S  0.0  0.0   0:00.00 migration/4                                                                                                          [m[m
[m   21 root      20   0     0    0    0 S  0.0  0.0   0:00.05 ksoftirqd/4                                                                                                          [m[m
[m   22 root      RT   0     0    0    0 S  0.0  0.0   0:01.01 watchdog/4                                                                                                           [m[m
[m   23 root      RT   0     0    0    0 S  0.0  0.0   0:00.24 migration/5                                                                                                          [m[m
[m   24 root      RT   0     0    0    0 S  0.0  0.0   0:00.00 migration/5                                                                                                          [m[m
[m   25 root      20   0     0    0    0 S  0.0  0.0   0:00.22 ksoftirqd/5                                                                                                          [m[m
[m   26 root      RT   0     0    0    0 S  0.0  0.0   0:01.01 watchdog/5                                                                                                           [m[m
[m   27 root      RT   0     0    0    0 S  0.0  0.0   0:03.99 migration/6                                                                                                          [m[m
[m   28 root      RT   0     0    0    0 S  0.0  0.0   0:00.00 migration/6                                                                                                          [m[m
[m   29 root      20   0     0    0    0 S  0.0  0.0   0:00.39 ksoftirqd/6                                                                                                          [m[m
[m   30 root      RT   0     0    0    0 S  0.0  0.0   0:01.14 watchdog/6                                                                                                           [m[m
[m   31 root      RT   0     0    0    0 S  0.0  0.0   6:05.17 migration/7                                                                                                          [m[m
[m   32 root      RT   0     0    0    0 S  0.0  0.0   0:00.00 migration/7                                                                                                          [m[m
[m   33 root      20   0     0    0    0 S  0.0  0.0   0:00.38 ksoftirqd/7                                                                                                          [m[m
[m   34 root      RT   0     0    0    0 S  0.0  0.0   0:24.57 watchdog/7                                                                                                           [m[m
[m   35 root      RT   0     0    0    0 S  0.0  0.0   0:03.26 migration/8                                                                                                          [m[m
[m   36 root      RT   0     0    0    0 S  0.0  0.0   0:00.00 migration/8                                                                                                          [m[m
[m   37 root      20   0     0    0    0 S  0.0  0.0   0:00.19 ksoftirqd/8                                                                                                          [m[m
[m   38 root      RT   0     0    0    0 S  0.0  0.0   0:01.91 watchdog/8                                                                                                           [m[m[6;1H[K[53;1H
htsai010@hammer.cs.ucr.edu $ ip addr
1: lo: <LOOPBACK,UP,LOWER_UP> mtu 16436 qdisc noqueue state UNKNOWN 
    link/loopback 00:00:00:00:00:00 brd 00:00:00:00:00:00
    inet 127.0.0.1/8 scope host lo
    inet6 ::1/128 scope host 
       valid_lft forever preferred_lft forever
2: eth0: <BROADCAST,MULTICAST,UP,LOWER_UP> mtu 1500 qdisc mq state UP qlen 1000
    link/ether 00:30:48:ff:c6:5a brd ff:ff:ff:ff:ff:ff
    inet 169.235.31.72/24 brd 169.235.31.255 scope global eth0
    inet6 fe80::230:48ff:feff:c65a/64 scope link 
       valid_lft forever preferred_lft forever
3: eth1: <BROADCAST,MULTICAST> mtu 1500 qdisc noop state DOWN qlen 1000
    link/ether 00:30:48:ff:c6:5b brd ff:ff:ff:ff:ff:ff
htsai010@hammer.cs.ucr.edu $ ifconfig
eth0      Link encap:Ethernet  HWaddr 00:30:48:FF:C6:5A  
          inet addr:169.235.31.72  Bcast:169.235.31.255  Mask:255.255.255.0
          inet6 addr: fe80::230:48ff:feff:c65a/64 Scope:Link
          UP BROADCAST RUNNING MULTICAST  MTU:1500  Metric:1
          RX packets:20670144 errors:0 dropped:0 overruns:0 frame:0
          TX packets:22424413 errors:0 dropped:0 overruns:0 carrier:0
          collisions:0 txqueuelen:1000 
          RX bytes:5396815289 (5.0 GiB)  TX bytes:5415568736 (5.0 GiB)
          Memory:dfe60000-dfe80000 

lo        Link encap:Local Loopback  
          inet addr:127.0.0.1  Mask:255.0.0.0
          inet6 addr: ::1/128 Scope:Host
          UP LOOPBACK RUNNING  MTU:16436  Metric:1
          RX packets:1231613 errors:0 dropped:0 overruns:0 frame:0
          TX packets:1231613 errors:0 dropped:0 overruns:0 carrier:0
          collisions:0 txqueuelen:0 
          RX bytes:825532336 (787.2 MiB)  TX bytes:825532336 (787.2 MiB)

htsai010@hammer.cs.ucr.edu $ man man
7[?47h[?1h=man(1)                                                                  man(1)

[1mNAME[m
       man - format and display the on-line manual pages

[1mSYNOPSIS[m
       [1mman[m  [[1m-acdfFhkKtwW[m]  [[1m--path[m]  [[1m-m[m  [4msystem[m] [[1m-p[m [4mstring[m] [[1m-C[m [4mconfig_file[m] [[1m-M[m [4mpathlist[m] [[1m-P[m [4mpager[m] [[1m-B[m [4mbrowser[m] [[1m-H[m [4mhtmlpager[m] [[1m-S[m [4msection_list[m] [[4msection[m]
       [4mname[m [4m...[m

[1mDESCRIPTION[m
       [1mman[m formats and displays the on-line manual pages.  If you specify [4msection[m, [1mman[m only looks in that section of the manual.  [4mname[m is normally the  name  of
       the  manual  page,  which  is typically the name of a command, function, or file.  However, if [4mname[m contains a slash ([1m/[m) then [1mman[m interprets it as a file
       specification, so that you can do [1mman[m [1m./foo.5[m or even [1mman[m [1m/cd/foo/bar.1.gz[m.

       See below for a description of where [1mman[m looks for the manual page files.

[1mMANUAL[m [1mSECTIONS[m
       The standard sections of the manual include:

       [1m1[m      User Commands

       [1m2[m      System Calls

       [1m3[m      C Library Functions

       [1m4[m      Devices and Special Files

       [1m5[m      File Formats and Conventions

       [1m6[m      Games et. Al.

       [1m7[m      Miscellanea

       [1m8[m      System Administration tools and Deamons

       Distributions customize the manual section to their specifics, which often include additional sections.

[1mOPTIONS[m
       [1m-C[m  [1mconfig_file[m
              Specify the configuration file to use; the default is [1m/etc/man.config[m.  (See [1mman.config[m(5).)

       [1m-M[m  [1mpath[m
              Specify the list of directories to search for man pages.  Separate the directories with colons.  An empty list is the same as not specifying [1m-M[m at
              all.  See [1mSEARCH[m [1mPATH[m [1mFOR[m [1mMANUAL[m [1mPAGES[m.

       [1m-P[m  [1mpager[m
              Specify which pager to use.  This option overrides the [1mMANPAGER[m environment variable, which in turn overrides the [1mPAGER[m variable.  By default, [1mman[m
              uses [1m/usr/bin/less[m [1m-is[m.

       [1m-B[m     Specify which browser to use on HTML files.  This option overrides the [1mBROWSER[m environment variable. By default, [1mman[m uses [1m/usr/bin/less[m-is[1m,[m

:[K[K[?1l>[2J[?47l8htsai010@hammer.cs.ucr.edu $ ;
execvp: No such file or directory
htsai010@hammer.cs.ucr.edu $ ls   -a  ; echo hello
ls: invalid option -- ';'
Try `ls --help' for more information.
htsai010@hammer.cs.ucr.edu $ ./a.out
htsai010@hammer.cs.ucr.edu $ exit
htsai010@hammer.cs.ucr.edu $ exit
~/cs100/rshell/src
htsai010@hammer $ exit
exit

Script done on Tue 21 Oct 2014 11:22:44 PM PDT
