Script started on Thu 20 Nov 2014 08:30:33 PM PST
~
htsai010@hammer $ cs100
[0;91m
===============================================================================
|                                                                             |
| You have enabled settings specific for cs100.                               |
|                                                                             |
===============================================================================
[0m
[s%%%%%%%%%%[u[0;32mhtsai010[0;36m@[0;32mcs100[0;36m:[0;32m~[0;95m [0;36m$[0m pwd
/home/csmajs/htsai010
[s%%%%%%%%%%[u[0;32mhtsai010[0;36m@[0;32mcs100[0;36m:[0;32m~[0;95m [0;36m$[0m ls
assignments-backup95JcLu  assignments-backupJNejxh  cs061  cs100  Desktop  Downloads  test  tmplHVQEp
[s%%%%%%%%%%[u[0;32mhtsai010[0;36m@[0;32mcs100[0;36m:[0;32m~[0;95m [0;36m$[0m cd cs100/rshell/
[s%%%%%%%%%%[u[0;32mhtsai010[0;36m@[0;32mcs100[0;36m:[0;32m~/cs100/rshell[0;95m (master) [0;36m$[0m make
g++ -Wall -Werror -ansi -pedantic src/main.cpp -o bin/rshell
g++ -Wall -Werror -ansi -pedantic src/ls.cpp -o bin/ls
g++ -Wall -Werror -ansi -pedantic src/Timer.h
g++ -Wall -Werror -ansi -pedantic src/cp.cpp -o bin/cp
[s%%%%%%%%%%[u[0;32mhtsai010[0;36m@[0;32mcs100[0;36m:[0;32m~/cs100/rshell[0;95m (master) [0;36m$[0m bin/rshell 
htsai010@hammer.cs.ucr.edu $ ech  o HI T THIS IS IN RSHELL
HI THIS IS IN RSHELL
htsai010@hammer.cs.ucr.edu $ ls
bin  LICENSE  Makefile	Makefile~  README  README~  redirect.script  rshell.script  src  TEST  test_ls.script
htsai010@hammer.cs.ucr.edu $ echo " HELLO WORLD > TES XT
htsai010@hammer.cs.ucr.edu $ ls
bin  LICENSE  Makefile	Makefile~  README  README~  redirect.script  rshell.script  src  TEST  test_ls.script  TEXT
htsai010@hammer.cs.ucr.edu $ cat TEST  XT
HELLO WORLD
htsai010@hammer.cs.ucr.edu $ echo >>    THIS IS APPENDING >> TEXT
htsai010@hammer.cs.ucr.edu $ ls
bin  LICENSE  Makefile	Makefile~  README  README~  redirect.script  rshell.script  src  TEST  test_ls.script  TEXT
htsai010@hammer.cs.ucr.edu $ cat TES XT
HELLO WORLD
THIS IS APPENDING
htsai010@hammer.cs.ucr.edu $ echo lol
lol
htsai010@hammer.cs.ucr.edu $ echo lol | cat
lol
htsai010@hammer.cs.ucr.edu $ echo lol | cat | cat | cat
lol
htsai010@hammer.cs.ucr.edu $ echo l ok enough with the lols
ok enough with the lols
htsai010@hammer.cs.ucr.edu $ cat < TEST | tr a-z A-Z | tee OUT! 1 | tr a A-z Z a-z |   > OUT2 &
cat: <: No such file or directory
htsai010@hammer.cs.ucr.edu $ ls
bin  LICENSE  Makefile	Makefile~  OUT1  OUT2  README  README~	redirect.script  rshell.script	src  TEST  test_ls.script  TEXT
htsai010@hammer.cs.ucr.edu $ cat OUT1
THIS IS JUST A TRIBUTE
htsai010@hammer.cs.ucr.edu $ CAT   cat o OUT2
this is just a tribute
htsai010@hammer.cs.ucr.edu $ cat TEST
this is just a tribute
htsai010@hammer.cs.ucr.edu $ ls
bin  LICENSE  Makefile	Makefile~  OUT1  OUT2  README  README~	redirect.script  rshell.script	src  TEST  test_ls.script  TEXT
htsai010@hammer.cs.ucr.edu $ ls >> TEXT
htsai010@hammer.cs.ucr.edu $ cat TEXT
HELLO WORLD
THIS IS APPENDING
bin
LICENSE
Makefile
Makefile~
OUT1
OUT2
README
README~
redirect.script
rshell.script
src
TEST
test_ls.script
TEXT
htsai010@hammer.cs.ucr.edu $ ls -a
.  ..  bin  .git  LICENSE  Makefile  Makefile~	OUT1  OUT2  README  README~  redirect.script  rshell.script  src  TEST	test_ls.script	TEXT
htsai010@hammer.cs.ucr.edu $ exit
[s%%%%%%%%%%[u[0;32mhtsai010[0;36m@[0;32mcs100[0;36m:[0;32m~/cs100/rshell[0;95m (master) [0;36m$[0m exit
exit
~
htsai010@hammer $ exit
exit

Script done on Thu 20 Nov 2014 08:34:57 PM PST
